Archive member included to satisfy reference by file (symbol)

C:/Program Files (x86)/Arm GNU Toolchain arm-none-eabi/13.3 rel1/bin/../lib/gcc/arm-none-eabi/13.3.1/thumb/v7e-m+fp/hard\libc_nano.a(libc_a-exit.o)
                              C:/Program Files (x86)/Arm GNU Toolchain arm-none-eabi/13.3 rel1/bin/../lib/gcc/arm-none-eabi/13.3.1/thumb/v7e-m+fp/hard/crt0.o (exit)
C:/Program Files (x86)/Arm GNU Toolchain arm-none-eabi/13.3 rel1/bin/../lib/gcc/arm-none-eabi/13.3.1/thumb/v7e-m+fp/hard\libc_nano.a(libc_a-findfp.o)
                              C:/Program Files (x86)/Arm GNU Toolchain arm-none-eabi/13.3 rel1/bin/../lib/gcc/arm-none-eabi/13.3.1/thumb/v7e-m+fp/hard\libc_nano.a(libc_a-exit.o) (__stdio_exit_handler)
C:/Program Files (x86)/Arm GNU Toolchain arm-none-eabi/13.3 rel1/bin/../lib/gcc/arm-none-eabi/13.3.1/thumb/v7e-m+fp/hard\libc_nano.a(libc_a-fwalk.o)
                              C:/Program Files (x86)/Arm GNU Toolchain arm-none-eabi/13.3 rel1/bin/../lib/gcc/arm-none-eabi/13.3.1/thumb/v7e-m+fp/hard\libc_nano.a(libc_a-findfp.o) (_fwalk_sglue)
C:/Program Files (x86)/Arm GNU Toolchain arm-none-eabi/13.3 rel1/bin/../lib/gcc/arm-none-eabi/13.3.1/thumb/v7e-m+fp/hard\libc_nano.a(libc_a-stdio.o)
                              C:/Program Files (x86)/Arm GNU Toolchain arm-none-eabi/13.3 rel1/bin/../lib/gcc/arm-none-eabi/13.3.1/thumb/v7e-m+fp/hard\libc_nano.a(libc_a-findfp.o) (__sread)
C:/Program Files (x86)/Arm GNU Toolchain arm-none-eabi/13.3 rel1/bin/../lib/gcc/arm-none-eabi/13.3.1/thumb/v7e-m+fp/hard\libc_nano.a(libc_a-memset.o)
                              C:/Program Files (x86)/Arm GNU Toolchain arm-none-eabi/13.3 rel1/bin/../lib/gcc/arm-none-eabi/13.3.1/thumb/v7e-m+fp/hard/crt0.o (memset)
C:/Program Files (x86)/Arm GNU Toolchain arm-none-eabi/13.3 rel1/bin/../lib/gcc/arm-none-eabi/13.3.1/thumb/v7e-m+fp/hard\libc_nano.a(libc_a-closer.o)
                              C:/Program Files (x86)/Arm GNU Toolchain arm-none-eabi/13.3 rel1/bin/../lib/gcc/arm-none-eabi/13.3.1/thumb/v7e-m+fp/hard\libc_nano.a(libc_a-stdio.o) (_close_r)
C:/Program Files (x86)/Arm GNU Toolchain arm-none-eabi/13.3 rel1/bin/../lib/gcc/arm-none-eabi/13.3.1/thumb/v7e-m+fp/hard\libc_nano.a(libc_a-reent.o)
                              C:/Program Files (x86)/Arm GNU Toolchain arm-none-eabi/13.3 rel1/bin/../lib/gcc/arm-none-eabi/13.3.1/thumb/v7e-m+fp/hard\libc_nano.a(libc_a-closer.o) (errno)
C:/Program Files (x86)/Arm GNU Toolchain arm-none-eabi/13.3 rel1/bin/../lib/gcc/arm-none-eabi/13.3.1/thumb/v7e-m+fp/hard\libc_nano.a(libc_a-impure.o)
                              C:/Program Files (x86)/Arm GNU Toolchain arm-none-eabi/13.3 rel1/bin/../lib/gcc/arm-none-eabi/13.3.1/thumb/v7e-m+fp/hard\libc_nano.a(libc_a-reent.o) (_impure_ptr)
C:/Program Files (x86)/Arm GNU Toolchain arm-none-eabi/13.3 rel1/bin/../lib/gcc/arm-none-eabi/13.3.1/thumb/v7e-m+fp/hard\libc_nano.a(libc_a-lseekr.o)
                              C:/Program Files (x86)/Arm GNU Toolchain arm-none-eabi/13.3 rel1/bin/../lib/gcc/arm-none-eabi/13.3.1/thumb/v7e-m+fp/hard\libc_nano.a(libc_a-stdio.o) (_lseek_r)
C:/Program Files (x86)/Arm GNU Toolchain arm-none-eabi/13.3 rel1/bin/../lib/gcc/arm-none-eabi/13.3.1/thumb/v7e-m+fp/hard\libc_nano.a(libc_a-readr.o)
                              C:/Program Files (x86)/Arm GNU Toolchain arm-none-eabi/13.3 rel1/bin/../lib/gcc/arm-none-eabi/13.3.1/thumb/v7e-m+fp/hard\libc_nano.a(libc_a-stdio.o) (_read_r)
C:/Program Files (x86)/Arm GNU Toolchain arm-none-eabi/13.3 rel1/bin/../lib/gcc/arm-none-eabi/13.3.1/thumb/v7e-m+fp/hard\libc_nano.a(libc_a-writer.o)
                              C:/Program Files (x86)/Arm GNU Toolchain arm-none-eabi/13.3 rel1/bin/../lib/gcc/arm-none-eabi/13.3.1/thumb/v7e-m+fp/hard\libc_nano.a(libc_a-stdio.o) (_write_r)
C:/Program Files (x86)/Arm GNU Toolchain arm-none-eabi/13.3 rel1/bin/../lib/gcc/arm-none-eabi/13.3.1/thumb/v7e-m+fp/hard\libc_nano.a(libc_a-init.o)
                              C:/Program Files (x86)/Arm GNU Toolchain arm-none-eabi/13.3 rel1/bin/../lib/gcc/arm-none-eabi/13.3.1/thumb/v7e-m+fp/hard/crt0.o (__libc_init_array)
C:/Program Files (x86)/Arm GNU Toolchain arm-none-eabi/13.3 rel1/bin/../lib/gcc/arm-none-eabi/13.3.1/thumb/v7e-m+fp/hard\libc_nano.a(libc_a-lock.o)
                              C:/Program Files (x86)/Arm GNU Toolchain arm-none-eabi/13.3 rel1/bin/../lib/gcc/arm-none-eabi/13.3.1/thumb/v7e-m+fp/hard\libc_nano.a(libc_a-findfp.o) (__retarget_lock_init_recursive)
C:/Program Files (x86)/Arm GNU Toolchain arm-none-eabi/13.3 rel1/bin/../lib/gcc/arm-none-eabi/13.3.1/thumb/v7e-m+fp/hard\libc_nano.a(libc_a-freer.o)
                              C:/Program Files (x86)/Arm GNU Toolchain arm-none-eabi/13.3 rel1/bin/../lib/gcc/arm-none-eabi/13.3.1/thumb/v7e-m+fp/hard\libc_nano.a(libc_a-reent.o) (_free_r)
C:/Program Files (x86)/Arm GNU Toolchain arm-none-eabi/13.3 rel1/bin/../lib/gcc/arm-none-eabi/13.3.1/thumb/v7e-m+fp/hard\libc_nano.a(libc_a-mallocr.o)
[...]
Memory Configuration

Name             Origin             Length             Attributes
CCMRAM           0x10000000         0x00010000         xrw
RAM              0x20000000         0x00020000         xrw
ROM              0x08000000         0x00100000         xr
*default*        0x00000000         0xffffffff

Linker script and memory map

LOAD C:/Program Files (x86)/Arm GNU Toolchain arm-none-eabi/13.3 rel1/bin/../lib/gcc/arm-none-eabi/13.3.1/thumb/v7e-m+fp/hard/crti.o
LOAD C:/Program Files (x86)/Arm GNU Toolchain arm-none-eabi/13.3 rel1/bin/../lib/gcc/arm-none-eabi/13.3.1/thumb/v7e-m+fp/hard/crtbegin.o
LOAD C:/Program Files (x86)/Arm GNU Toolchain arm-none-eabi/13.3 rel1/bin/../lib/gcc/arm-none-eabi/13.3.1/thumb/v7e-m+fp/hard/crt0.o
LOAD C:/Program Files (x86)/Arm GNU Toolchain arm-none-eabi/13.3 rel1/bin/../lib/gcc/arm-none-eabi/13.3.1/thumb/v7e-m+fp/hard\libc_nano.a
LOAD C:/Program Files (x86)/Arm GNU Toolchain arm-none-eabi/13.3 rel1/bin/../lib/gcc/arm-none-eabi/13.3.1/thumb/v7e-m+fp/hard\libm.a
LOAD C:/Program Files (x86)/Arm GNU Toolchain arm-none-eabi/13.3 rel1/bin/../lib/gcc/arm-none-eabi/13.3.1/thumb/v7e-m+fp/hard\libnosys.a
LOAD CMakeFiles/FreeRTOS_LED_Effects.dir/Src/main.c.obj
LOAD CMakeFiles/FreeRTOS_LED_Effects.dir/Src/stm32f4xx_it.c.obj
LOAD CMakeFiles/FreeRTOS_LED_Effects.dir/Src/system_stm32f4xx.c.obj
LOAD CMakeFiles/FreeRTOS_LED_Effects.dir/C_/wbs/STM32CubeF4/Drivers/STM32F4xx_HAL_Driver/Src/stm32f4xx_hal.c.obj
LOAD CMakeFiles/FreeRTOS_LED_Effects.dir/C_/wbs/STM32CubeF4/Drivers/STM32F4xx_HAL_Driver/Src/stm32f4xx_hal_cortex.c.obj
LOAD CMakeFiles/FreeRTOS_LED_Effects.dir/C_/wbs/STM32CubeF4/Drivers/STM32F4xx_HAL_Driver/Src/stm32f4xx_hal_dma.c.obj
LOAD CMakeFiles/FreeRTOS_LED_Effects.dir/C_/wbs/STM32CubeF4/Drivers/STM32F4xx_HAL_Driver/Src/stm32f4xx_hal_flash.c.obj
LOAD CMakeFiles/FreeRTOS_LED_Effects.dir/C_/wbs/STM32CubeF4/Drivers/STM32F4xx_HAL_Driver/Src/stm32f4xx_hal_flash_ex.c.obj
LOAD CMakeFiles/FreeRTOS_LED_Effects.dir/C_/wbs/STM32CubeF4/Drivers/STM32F4xx_HAL_Driver/Src/stm32f4xx_hal_gpio.c.obj
LOAD CMakeFiles/FreeRTOS_LED_Effects.dir/C_/wbs/STM32CubeF4/Drivers/STM32F4xx_HAL_Driver/Src/stm32f4xx_hal_pwr.c.obj
LOAD CMakeFiles/FreeRTOS_LED_Effects.dir/C_/wbs/STM32CubeF4/Drivers/STM32F4xx_HAL_Driver/Src/stm32f4xx_hal_pwr_ex.c.obj
LOAD CMakeFiles/FreeRTOS_LED_Effects.dir/C_/wbs/STM32CubeF4/Drivers/STM32F4xx_HAL_Driver/Src/stm32f4xx_hal_rcc.c.obj
LOAD CMakeFiles/FreeRTOS_LED_Effects.dir/C_/wbs/STM32CubeF4/Drivers/STM32F4xx_HAL_Driver/Src/stm32f4xx_hal_rcc_ex.c.obj
LOAD CMakeFiles/FreeRTOS_LED_Effects.dir/C_/wbs/STM32CubeF4/Drivers/STM32F4xx_HAL_Driver/Src/stm32f4xx_hal_i2c.c.obj
LOAD CMakeFiles/FreeRTOS_LED_Effects.dir/C_/wbs/STM32CubeF4/Drivers/STM32F4xx_HAL_Driver/Src/stm32f4xx_hal_spi.c.obj
LOAD CMakeFiles/FreeRTOS_LED_Effects.dir/C_/wbs/STM32CubeF4/Drivers/BSP/STM32F4-Discovery/stm32f4_discovery.c.obj
LOAD CMakeFiles/FreeRTOS_LED_Effects.dir/C_/wbs/STM32CubeF4/Drivers/BSP/STM32F4-Discovery/stm32f4_discovery_accelerometer.c.obj
LOAD CMakeFiles/FreeRTOS_LED_Effects.dir/C_/wbs/STM32CubeF4/Drivers/BSP/Components/lis302dl/lis302dl.c.obj
LOAD CMakeFiles/FreeRTOS_LED_Effects.dir/C_/wbs/STM32CubeF4/Drivers/BSP/Components/lis3dsh/lis3dsh.c.obj
LOAD CMakeFiles/FreeRTOS_LED_Effects.dir/C_/wbs/STM32CubeF4/Middlewares/Third_Party/FreeRTOS/Source/list.c.obj
LOAD CMakeFiles/FreeRTOS_LED_Effects.dir/C_/wbs/STM32CubeF4/Middlewares/Third_Party/FreeRTOS/Source/queue.c.obj
LOAD CMakeFiles/FreeRTOS_LED_Effects.dir/C_/wbs/STM32CubeF4/Middlewares/Third_Party/FreeRTOS/Source/tasks.c.obj
LOAD CMakeFiles/FreeRTOS_LED_Effects.dir/C_/wbs/STM32CubeF4/Middlewares/Third_Party/FreeRTOS/Source/timers.c.obj
LOAD CMakeFiles/FreeRTOS_LED_Effects.dir/C_/wbs/STM32CubeF4/Middlewares/Third_Party/FreeRTOS/Source/CMSIS_RTOS/cmsis_os.c.obj
LOAD CMakeFiles/FreeRTOS_LED_Effects.dir/C_/wbs/STM32CubeF4/Middlewares/Third_Party/FreeRTOS/Source/portable/MemMang/heap_4.c.obj
LOAD CMakeFiles/FreeRTOS_LED_Effects.dir/C_/wbs/STM32CubeF4/Middlewares/Third_Party/FreeRTOS/Source/portable/GCC/ARM_CM4F/port.c.obj
LOAD CMakeFiles/FreeRTOS_LED_Effects.dir/STM32CubeIDE/Application/Startup/startup_stm32f407vgtx.s.obj
START GROUP
LOAD C:/Program Files (x86)/Arm GNU Toolchain arm-none-eabi/13.3 rel1/bin/../lib/gcc/arm-none-eabi/13.3.1/thumb/v7e-m+fp/hard\libgcc.a
LOAD C:/Program Files (x86)/Arm GNU Toolchain arm-none-eabi/13.3 rel1/bin/../lib/gcc/arm-none-eabi/13.3.1/thumb/v7e-m+fp/hard\libc_nano.a
END GROUP
START GROUP
LOAD C:/Program Files (x86)/Arm GNU Toolchain arm-none-eabi/13.3 rel1/bin/../lib/gcc/arm-none-eabi/13.3.1/thumb/v7e-m+fp/hard\libgcc.a
LOAD C:/Program Files (x86)/Arm GNU Toolchain arm-none-eabi/13.3 rel1/bin/../lib/gcc/arm-none-eabi/13.3.1/thumb/v7e-m+fp/hard\libc_nano.a
LOAD C:/Program Files (x86)/Arm GNU Toolchain arm-none-eabi/13.3 rel1/bin/../lib/gcc/arm-none-eabi/13.3.1/thumb/v7e-m+fp/hard\libnosys.a
END GROUP
START GROUP
LOAD C:/Program Files (x86)/Arm GNU Toolchain arm-none-eabi/13.3 rel1/bin/../lib/gcc/arm-none-eabi/13.3.1/thumb/v7e-m+fp/hard\libgcc.a
LOAD C:/Program Files (x86)/Arm GNU Toolchain arm-none-eabi/13.3 rel1/bin/../lib/gcc/arm-none-eabi/13.3.1/thumb/v7e-m+fp/hard\libc_nano.a
LOAD C:/Program Files (x86)/Arm GNU Toolchain arm-none-eabi/13.3 rel1/bin/../lib/gcc/arm-none-eabi/13.3.1/thumb/v7e-m+fp/hard\libnosys.a
END GROUP
LOAD C:/Program Files (x86)/Arm GNU Toolchain arm-none-eabi/13.3 rel1/bin/../lib/gcc/arm-none-eabi/13.3.1/thumb/v7e-m+fp/hard/crtend.o
LOAD C:/Program Files (x86)/Arm GNU Toolchain arm-none-eabi/13.3 rel1/bin/../lib/gcc/arm-none-eabi/13.3.1/thumb/v7e-m+fp/hard/crtn.o
                0x20020000                        _estack = (ORIGIN (RAM) + LENGTH (RAM))
                0x00000200                        _Min_Heap_Size = 0x200
                0x00000400                        _Min_Stack_Size = 0x400

.isr_vector     0x08000000      0x188
                0x08000000                        . = ALIGN (0x4)
 *(.isr_vector)
 .isr_vector    0x08000000      0x188 CMakeFiles/FreeRTOS_LED_Effects.dir/STM32CubeIDE/Application/Startup/startup_stm32f407vgtx.s.obj
                0x08000000                g_pfnVectors
                0x08000188                        . = ALIGN (0x4)

.text           0x08000190     0x6bf8
                0x08000190                        . = ALIGN (0x4)
 *(.text)
 .text          0x08000190       0x30 C:/Program Files (x86)/Arm GNU Toolchain arm-none-eabi/13.3 rel1/bin/../lib/gcc/arm-none-eabi/13.3.1/thumb/v7e-m+fp/hard\libgcc.a(_aeabi_uldivmod.o)
                0x08000190                __aeabi_uldivmod
 .text          0x080001c0        0x4 C:/Program Files (x86)/Arm GNU Toolchain arm-none-eabi/13.3 rel1/bin/../lib/gcc/arm-none-eabi/13.3.1/thumb/v7e-m+fp/hard\libgcc.a(_dvmd_tls.o)
                0x080001c0                __aeabi_idiv0
                0x080001c0                __aeabi_ldiv0
 *fill*         0x080001c4        0xc 
 .text          0x080001d0       0xa0 C:/Program Files (x86)/Arm GNU Toolchain arm-none-eabi/13.3 rel1/bin/../lib/gcc/arm-none-eabi/13.3.1/thumb/v7e-m+fp/hard\libc_nano.a(libc_a-memchr.o)
                0x080001d0                memchr
 *(.text*)
 .text.deregister_tm_clones
                0x08000270       0x1c C:/Program Files (x86)/Arm GNU Toolchain arm-none-eabi/13.3 rel1/bin/../lib/gcc/arm-none-eabi/13.3.1/thumb/v7e-m+fp/hard/crtbegin.o
 .text.register_tm_clones
                0x0800028c       0x24 C:/Program Files (x86)/Arm GNU Toolchain arm-none-eabi/13.3 rel1/bin/../lib/gcc/arm-none-eabi/13.3.1/thumb/v7e-m+fp/hard/crtbegin.o
 .text.__do_global_dtors_aux
                0x080002b0       0x28 C:/Program Files (x86)/Arm GNU Toolchain arm-none-eabi/13.3 rel1/bin/../lib/gcc/arm-none-eabi/13.3.1/thumb/v7e-m+fp/hard/crtbegin.o
 .text.frame_dummy
                0x080002d8       0x24 C:/Program Files (x86)/Arm GNU Toolchain arm-none-eabi/13.3 rel1/bin/../lib/gcc/arm-none-eabi/13.3.1/thumb/v7e-m+fp/hard/crtbegin.o
 .text.std      0x080002fc       0x6c C:/Program Files (x86)/Arm GNU Toolchain arm-none-eabi/13.3 rel1/bin/../lib/gcc/arm-none-eabi/13.3.1/thumb/v7e-m+fp/hard\libc_nano.a(libc_a-findfp.o)
 .text.stdio_exit_handler
                0x08000368       0x18 C:/Program Files (x86)/Arm GNU Toolchain arm-none-eabi/13.3 rel1/bin/../lib/gcc/arm-none-eabi/13.3.1/thumb/v7e-m+fp/hard\libc_nano.a(libc_a-findfp.o)
 .text.cleanup_stdio
                0x08000380       0x40 C:/Program Files (x86)/Arm GNU Toolchain arm-none-eabi/13.3 rel1/bin/../lib/gcc/arm-none-eabi/13.3.1/thumb/v7e-m+fp/hard\libc_nano.a(libc_a-findfp.o)
 .text.global_stdio_init.part.0
                0x080003c0       0x3c C:/Program Files (x86)/Arm GNU Toolchain arm-none-eabi/13.3 rel1/bin/../lib/gcc/arm-none-eabi/13.3.1/thumb/v7e-m+fp/hard\libc_nano.a(libc_a-findfp.o)
 .text.__sfp_lock_acquire
                0x080003fc        0xc C:/Program Files (x86)/Arm GNU Toolchain arm-none-eabi/13.3 rel1/bin/../lib/gcc/arm-none-eabi/13.3.1/thumb/v7e-m+fp/hard\libc_nano.a(libc_a-findfp.o)
                0x080003fc                __sfp_lock_acquire
 .text.__sfp_lock_release
                0x08000408        0xc C:/Program Files (x86)/Arm GNU Toolchain arm-none-eabi/13.3 rel1/bin/../lib/gcc/arm-none-eabi/13.3.1/thumb/v7e-m+fp/hard\libc_nano.a(libc_a-findfp.o)
                0x08000408                __sfp_lock_release
 .text.__sinit  0x08000414       0x30 C:/Program Files (x86)/Arm GNU Toolchain arm-none-eabi/13.3 rel1/bin/../lib/gcc/arm-none-eabi/13.3.1/thumb/v7e-m+fp/hard\libc_nano.a(libc_a-findfp.o)
                0x08000414                __sinit
 .text._fwalk_sglue
                0x08000444       0x3c C:/Program Files (x86)/Arm GNU Toolchain arm-none-eabi/13.3 rel1/bin/../lib/gcc/arm-none-eabi/13.3.1/thumb/v7e-m+fp/hard\libc_nano.a(libc_a-fwalk.o)
                0x08000444                _fwalk_sglue
 .text.__sread  0x08000480       0x22 C:/Program Files (x86)/Arm GNU Toolchain arm-none-eabi/13.3 rel1/bin/../lib/gcc/arm-none-eabi/13.3.1/thumb/v7e-m+fp/hard\libc_nano.a(libc_a-stdio.o)
                0x08000480                __sread
 .text.__swrite
                0x080004a2       0x38 C:/Program Files (x86)/Arm GNU Toolchain arm-none-eabi/13.3 rel1/bin/../lib/gcc/arm-none-eabi/13.3.1/thumb/v7e-m+fp/hard\libc_nano.a(libc_a-stdio.o)
                0x080004a2                __swrite
 .text.__sseek  0x080004da       0x24 C:/Program Files (x86)/Arm GNU Toolchain arm-none-eabi/13.3 rel1/bin/../lib/gcc/arm-none-eabi/13.3.1/thumb/v7e-m+fp/hard\libc_nano.a(libc_a-stdio.o)
                0x080004da                __sseek
 .text.__sclose
                0x080004fe        0x8 C:/Program Files (x86)/Arm GNU Toolchain arm-none-eabi/13.3 rel1/bin/../lib/gcc/arm-none-eabi/13.3.1/thumb/v7e-m+fp/hard\libc_nano.a(libc_a-stdio.o)
                0x080004fe                __sclose
 .text.memset   0x08000506       0x10 C:/Program Files (x86)/Arm GNU Toolchain arm-none-eabi/13.3 rel1/bin/../lib/gcc/arm-none-eabi/13.3.1/thumb/v7e-m+fp/hard\libc_nano.a(libc_a-memset.o)
                0x08000506                memset
 *fill*         0x08000516        0x2 
 .text._close_r
                0x08000518       0x20 C:/Program Files (x86)/Arm GNU Toolchain arm-none-eabi/13.3 rel1/bin/../lib/gcc/arm-none-eabi/13.3.1/thumb/v7e-m+fp/hard\libc_nano.a(libc_a-closer.o)
                0x08000518                _close_r
 .text._lseek_r
                0x08000538       0x24 C:/Program Files (x86)/Arm GNU Toolchain arm-none-eabi/13.3 rel1/bin/../lib/gcc/arm-none-eabi/13.3.1/thumb/v7e-m+fp/hard\libc_nano.a(libc_a-lseekr.o)
                0x08000538                _lseek_r
 .text._read_r  0x0800055c       0x24 C:/Program Files (x86)/Arm GNU Toolchain arm-none-eabi/13.3 rel1/bin/../lib/gcc/arm-none-eabi/13.3.1/thumb/v7e-m+fp/hard\libc_nano.a(libc_a-readr.o)
                0x0800055c                _read_r
 .text._write_r
                0x08000580       0x24 C:/Program Files (x86)/Arm GNU Toolchain arm-none-eabi/13.3 rel1/bin/../lib/gcc/arm-none-eabi/13.3.1/thumb/v7e-m+fp/hard\libc_nano.a(libc_a-writer.o)
                0x08000580                _write_r
 .text.__libc_init_array
                0x080005a4       0x48 C:/Program Files (x86)/Arm GNU Toolchain arm-none-eabi/13.3 rel1/bin/../lib/gcc/arm-none-eabi/13.3.1/thumb/v7e-m+fp/hard\libc_nano.a(libc_a-init.o)
                0x080005a4                __libc_init_array
 .text.__retarget_lock_init_recursive
                0x080005ec        0x2 C:/Program Files (x86)/Arm GNU Toolchain arm-none-eabi/13.3 rel1/bin/../lib/gcc/arm-none-eabi/13.3.1/thumb/v7e-m+fp/hard\libc_nano.a(libc_a-lock.o)
                0x080005ec                __retarget_lock_init_recursive
 .text.__retarget_lock_acquire_recursive
                0x080005ee        0x2 C:/Program Files (x86)/Arm GNU Toolchain arm-none-eabi/13.3 rel1/bin/../lib/gcc/arm-none-eabi/13.3.1/thumb/v7e-m+fp/hard\libc_nano.a(libc_a-lock.o)
                0x080005ee                __retarget_lock_acquire_recursive
 .text.__retarget_lock_release_recursive
                0x080005f0        0x2 C:/Program Files (x86)/Arm GNU Toolchain arm-none-eabi/13.3 rel1/bin/../lib/gcc/arm-none-eabi/13.3.1/thumb/v7e-m+fp/hard\libc_nano.a(libc_a-lock.o)
                0x080005f0                __retarget_lock_release_recursive
 *fill*         0x080005f2        0x2 
 .text._free_r  0x080005f4       0x94 C:/Program Files (x86)/Arm GNU Toolchain arm-none-eabi/13.3 rel1/bin/../lib/gcc/arm-none-eabi/13.3.1/thumb/v7e-m+fp/hard\libc_nano.a(libc_a-freer.o)
                0x080005f4                _free_r
 .text.sbrk_aligned
                0x08000688       0x44 C:/Program Files (x86)/Arm GNU Toolchain arm-none-eabi/13.3 rel1/bin/../lib/gcc/arm-none-eabi/13.3.1/thumb/v7e-m+fp/hard\libc_nano.a(libc_a-mallocr.o)
 .text._malloc_r
                0x080006cc      0x100 C:/Program Files (x86)/Arm GNU Toolchain arm-none-eabi/13.3 rel1/bin/../lib/gcc/arm-none-eabi/13.3.1/thumb/v7e-m+fp/hard\libc_nano.a(libc_a-mallocr.o)
                0x080006cc                _malloc_r
 .text.__malloc_lock
                0x080007cc        0xc C:/Program Files (x86)/Arm GNU Toolchain arm-none-eabi/13.3 rel1/bin/../lib/gcc/arm-none-eabi/13.3.1/thumb/v7e-m+fp/hard\libc_nano.a(libc_a-mlock.o)
                0x080007cc                __malloc_lock
 .text.__malloc_unlock
                0x080007d8        0xc C:/Program Files (x86)/Arm GNU Toolchain arm-none-eabi/13.3 rel1/bin/../lib/gcc/arm-none-eabi/13.3.1/thumb/v7e-m+fp/hard\libc_nano.a(libc_a-mlock.o)
                0x080007d8                __malloc_unlock
 .text.__sflush_r
                0x080007e4      0x108 C:/Program Files (x86)/Arm GNU Toolchain arm-none-eabi/13.3 rel1/bin/../lib/gcc/arm-none-eabi/13.3.1/thumb/v7e-m+fp/hard\libc_nano.a(libc_a-fflush.o)
                0x080007e4                __sflush_r
 .text._fflush_r
                0x080008ec       0x50 C:/Program Files (x86)/Arm GNU Toolchain arm-none-eabi/13.3 rel1/bin/../lib/gcc/arm-none-eabi/13.3.1/thumb/v7e-m+fp/hard\libc_nano.a(libc_a-fflush.o)
                0x080008ec                _fflush_r
 .text._sbrk_r  0x0800093c       0x20 C:/Program Files (x86)/Arm GNU Toolchain arm-none-eabi/13.3 rel1/bin/../lib/gcc/arm-none-eabi/13.3.1/thumb/v7e-m+fp/hard\libc_nano.a(libc_a-sbrkr.o)
                0x0800093c                _sbrk_r
 .text._close   0x0800095c       0x10 C:/Program Files (x86)/Arm GNU Toolchain arm-none-eabi/13.3 rel1/bin/../lib/gcc/arm-none-eabi/13.3.1/thumb/v7e-m+fp/hard\libnosys.a(close.o)
                0x0800095c                _close
 .text._lseek   0x0800096c       0x10 C:/Program Files (x86)/Arm GNU Toolchain arm-none-eabi/13.3 rel1/bin/../lib/gcc/arm-none-eabi/13.3.1/thumb/v7e-m+fp/hard\libnosys.a(lseek.o)
                0x0800096c                _lseek
 .text._read    0x0800097c       0x10 C:/Program Files (x86)/Arm GNU Toolchain arm-none-eabi/13.3 rel1/bin/../lib/gcc/arm-none-eabi/13.3.1/thumb/v7e-m+fp/hard\libnosys.a(read.o)
                0x0800097c                _read
 .text._sbrk    0x0800098c       0x1c C:/Program Files (x86)/Arm GNU Toolchain arm-none-eabi/13.3 rel1/bin/../lib/gcc/arm-none-eabi/13.3.1/thumb/v7e-m+fp/hard\libnosys.a(sbrk.o)
                0x0800098c                _sbrk
 .text._write   0x080009a8       0x10 C:/Program Files (x86)/Arm GNU Toolchain arm-none-eabi/13.3 rel1/bin/../lib/gcc/arm-none-eabi/13.3.1/thumb/v7e-m+fp/hard\libnosys.a(write.o)
                0x080009a8                _write
 .text._exit    0x080009b8        0x4 C:/Program Files (x86)/Arm GNU Toolchain arm-none-eabi/13.3 rel1/bin/../lib/gcc/arm-none-eabi/13.3.1/thumb/v7e-m+fp/hard\libnosys.a(_exit.o)
                0x080009b8                _exit
 .text.main     0x080009bc       0xd8 CMakeFiles/FreeRTOS_LED_Effects.dir/Src/main.c.obj
                0x080009bc                main
 .text.Switch_Mode
                0x08000a94       0x50 CMakeFiles/FreeRTOS_LED_Effects.dir/Src/main.c.obj
 .text.LED_Effects_Task
                0x08000ae4      0x608 CMakeFiles/FreeRTOS_LED_Effects.dir/Src/main.c.obj
 .text.Button_Task
                0x080010ec       0x6c CMakeFiles/FreeRTOS_LED_Effects.dir/Src/main.c.obj
 .text.Accelerometer_Task
                0x08001158      0x10c CMakeFiles/FreeRTOS_LED_Effects.dir/Src/main.c.obj
 .text.HAL_GPIO_EXTI_Callback
                0x08001264       0x28 CMakeFiles/FreeRTOS_LED_Effects.dir/Src/main.c.obj
                0x08001264                HAL_GPIO_EXTI_Callback
 .text.All_LEDs_Off
                0x0800128c       0x20 CMakeFiles/FreeRTOS_LED_Effects.dir/Src/main.c.obj
 .text.All_LEDs_On
                0x080012ac       0x20 CMakeFiles/FreeRTOS_LED_Effects.dir/Src/main.c.obj
 .text.SystemClock_Config
                0x080012cc       0xd4 CMakeFiles/FreeRTOS_LED_Effects.dir/Src/main.c.obj
 .text.Error_Handler
                0x080013a0        0xe CMakeFiles/FreeRTOS_LED_Effects.dir/Src/main.c.obj
 .text.NMI_Handler
                0x080013ae        0xe CMakeFiles/FreeRTOS_LED_Effects.dir/Src/stm32f4xx_it.c.obj
                0x080013ae                NMI_Handler
 .text.HardFault_Handler
                0x080013bc        0x8 CMakeFiles/FreeRTOS_LED_Effects.dir/Src/stm32f4xx_it.c.obj
                0x080013bc                HardFault_Handler
 .text.MemManage_Handler
                0x080013c4        0x8 CMakeFiles/FreeRTOS_LED_Effects.dir/Src/stm32f4xx_it.c.obj
                0x080013c4                MemManage_Handler
 .text.BusFault_Handler
                0x080013cc        0x8 CMakeFiles/FreeRTOS_LED_Effects.dir/Src/stm32f4xx_it.c.obj
                0x080013cc                BusFault_Handler
 .text.UsageFault_Handler
                0x080013d4        0x8 CMakeFiles/FreeRTOS_LED_Effects.dir/Src/stm32f4xx_it.c.obj
                0x080013d4                UsageFault_Handler
 .text.DebugMon_Handler
                0x080013dc        0xe CMakeFiles/FreeRTOS_LED_Effects.dir/Src/stm32f4xx_it.c.obj
                0x080013dc                DebugMon_Handler
 .text.SysTick_Handler
                0x080013ea        0xc CMakeFiles/FreeRTOS_LED_Effects.dir/Src/stm32f4xx_it.c.obj
                0x080013ea                SysTick_Handler
 .text.EXTI0_IRQHandler
                0x080013f6        0xe CMakeFiles/FreeRTOS_LED_Effects.dir/Src/stm32f4xx_it.c.obj
                0x080013f6                EXTI0_IRQHandler
 .text.SystemInit
                0x08001404       0x6c CMakeFiles/FreeRTOS_LED_Effects.dir/Src/system_stm32f4xx.c.obj
                0x08001404                SystemInit
 .text.HAL_Init
                0x08001470       0x38 CMakeFiles/FreeRTOS_LED_Effects.dir/C_/wbs/STM32CubeF4/Drivers/STM32F4xx_HAL_Driver/Src/stm32f4xx_hal.c.obj
                0x08001470                HAL_Init
 .text.HAL_MspInit
                0x080014a8        0xe CMakeFiles/FreeRTOS_LED_Effects.dir/C_/wbs/STM32CubeF4/Drivers/STM32F4xx_HAL_Driver/Src/stm32f4xx_hal.c.obj
                0x080014a8                HAL_MspInit
 *fill*         0x080014b6        0x2 
 .text.HAL_InitTick
                0x080014b8       0x60 CMakeFiles/FreeRTOS_LED_Effects.dir/C_/wbs/STM32CubeF4/Drivers/STM32F4xx_HAL_Driver/Src/stm32f4xx_hal.c.obj
                0x080014b8                HAL_InitTick
 .text.HAL_GetTick
                0x08001518       0x18 CMakeFiles/FreeRTOS_LED_Effects.dir/C_/wbs/STM32CubeF4/Drivers/STM32F4xx_HAL_Driver/Src/stm32f4xx_hal.c.obj
                0x08001518                HAL_GetTick
 .text.HAL_GetREVID
                0x08001530       0x18 CMakeFiles/FreeRTOS_LED_Effects.dir/C_/wbs/STM32CubeF4/Drivers/STM32F4xx_HAL_Driver/Src/stm32f4xx_hal.c.obj
                0x08001530                HAL_GetREVID
 .text.__NVIC_SetPriorityGrouping
                0x08001548       0x48 CMakeFiles/FreeRTOS_LED_Effects.dir/C_/wbs/STM32CubeF4/Drivers/STM32F4xx_HAL_Driver/Src/stm32f4xx_hal_cortex.c.obj
 .text.__NVIC_GetPriorityGrouping
                0x08001590       0x1c CMakeFiles/FreeRTOS_LED_Effects.dir/C_/wbs/STM32CubeF4/Drivers/STM32F4xx_HAL_Driver/Src/stm32f4xx_hal_cortex.c.obj
 .text.__NVIC_EnableIRQ
                0x080015ac       0x3c CMakeFiles/FreeRTOS_LED_Effects.dir/C_/wbs/STM32CubeF4/Drivers/STM32F4xx_HAL_Driver/Src/stm32f4xx_hal_cortex.c.obj
 .text.__NVIC_SetPriority
                0x080015e8       0x54 CMakeFiles/FreeRTOS_LED_Effects.dir/C_/wbs/STM32CubeF4/Drivers/STM32F4xx_HAL_Driver/Src/stm32f4xx_hal_cortex.c.obj
 .text.NVIC_EncodePriority
                0x0800163c       0x66 CMakeFiles/FreeRTOS_LED_Effects.dir/C_/wbs/STM32CubeF4/Drivers/STM32F4xx_HAL_Driver/Src/stm32f4xx_hal_cortex.c.obj
 *fill*         0x080016a2        0x2 
 .text.SysTick_Config
                0x080016a4       0x44 CMakeFiles/FreeRTOS_LED_Effects.dir/C_/wbs/STM32CubeF4/Drivers/STM32F4xx_HAL_Driver/Src/stm32f4xx_hal_cortex.c.obj
 .text.HAL_NVIC_SetPriorityGrouping
                0x080016e8       0x16 CMakeFiles/FreeRTOS_LED_Effects.dir/C_/wbs/STM32CubeF4/Drivers/STM32F4xx_HAL_Driver/Src/stm32f4xx_hal_cortex.c.obj
                0x080016e8                HAL_NVIC_SetPriorityGrouping
 .text.HAL_NVIC_SetPriority
                0x080016fe       0x38 CMakeFiles/FreeRTOS_LED_Effects.dir/C_/wbs/STM32CubeF4/Drivers/STM32F4xx_HAL_Driver/Src/stm32f4xx_hal_cortex.c.obj
                0x080016fe                HAL_NVIC_SetPriority
 .text.HAL_NVIC_EnableIRQ
                0x08001736       0x1c CMakeFiles/FreeRTOS_LED_Effects.dir/C_/wbs/STM32CubeF4/Drivers/STM32F4xx_HAL_Driver/Src/stm32f4xx_hal_cortex.c.obj
                0x08001736                HAL_NVIC_EnableIRQ
 .text.HAL_SYSTICK_Config
                0x08001752       0x18 CMakeFiles/FreeRTOS_LED_Effects.dir/C_/wbs/STM32CubeF4/Drivers/STM32F4xx_HAL_Driver/Src/stm32f4xx_hal_cortex.c.obj
                0x08001752                HAL_SYSTICK_Config
 *fill*         0x0800176a        0x2 
 .text.HAL_GPIO_Init
                0x0800176c      0x338 CMakeFiles/FreeRTOS_LED_Effects.dir/C_/wbs/STM32CubeF4/Drivers/STM32F4xx_HAL_Driver/Src/stm32f4xx_hal_gpio.c.obj
                0x0800176c                HAL_GPIO_Init
 .text.HAL_GPIO_WritePin
                0x08001aa4       0x32 CMakeFiles/FreeRTOS_LED_Effects.dir/C_/wbs/STM32CubeF4/Drivers/STM32F4xx_HAL_Driver/Src/stm32f4xx_hal_gpio.c.obj
                0x08001aa4                HAL_GPIO_WritePin
 .text.HAL_GPIO_TogglePin
                0x08001ad6       0x34 CMakeFiles/FreeRTOS_LED_Effects.dir/C_/wbs/STM32CubeF4/Drivers/STM32F4xx_HAL_Driver/Src/stm32f4xx_hal_gpio.c.obj
                0x08001ad6                HAL_GPIO_TogglePin
 *fill*         0x08001b0a        0x2 
 .text.HAL_GPIO_EXTI_IRQHandler
                0x08001b0c       0x30 CMakeFiles/FreeRTOS_LED_Effects.dir/C_/wbs/STM32CubeF4/Drivers/STM32F4xx_HAL_Driver/Src/stm32f4xx_hal_gpio.c.obj
                0x08001b0c                HAL_GPIO_EXTI_IRQHandler
 .text.HAL_RCC_OscConfig
                0x08001b3c      0x4f0 CMakeFiles/FreeRTOS_LED_Effects.dir/C_/wbs/STM32CubeF4/Drivers/STM32F4xx_HAL_Driver/Src/stm32f4xx_hal_rcc.c.obj
                0x08001b3c                HAL_RCC_OscConfig
 .text.HAL_RCC_ClockConfig
                0x0800202c      0x1cc CMakeFiles/FreeRTOS_LED_Effects.dir/C_/wbs/STM32CubeF4/Drivers/STM32F4xx_HAL_Driver/Src/stm32f4xx_hal_rcc.c.obj
                0x0800202c                HAL_RCC_ClockConfig
 .text.HAL_RCC_GetSysClockFreq
                0x080021f8      0x20c CMakeFiles/FreeRTOS_LED_Effects.dir/C_/wbs/STM32CubeF4/Drivers/STM32F4xx_HAL_Driver/Src/stm32f4xx_hal_rcc.c.obj
                0x080021f8                HAL_RCC_GetSysClockFreq
 .text.HAL_SPI_Init
                0x08002404      0x122 CMakeFiles/FreeRTOS_LED_Effects.dir/C_/wbs/STM32CubeF4/Drivers/STM32F4xx_HAL_Driver/Src/stm32f4xx_hal_spi.c.obj
                0x08002404                HAL_SPI_Init
 .text.HAL_SPI_DeInit
                0x08002526       0x50 CMakeFiles/FreeRTOS_LED_Effects.dir/C_/wbs/STM32CubeF4/Drivers/STM32F4xx_HAL_Driver/Src/stm32f4xx_hal_spi.c.obj
                0x08002526                HAL_SPI_DeInit
 .text.HAL_SPI_MspInit
                0x08002576       0x14 CMakeFiles/FreeRTOS_LED_Effects.dir/C_/wbs/STM32CubeF4/Drivers/STM32F4xx_HAL_Driver/Src/stm32f4xx_hal_spi.c.obj
                0x08002576                HAL_SPI_MspInit
 .text.HAL_SPI_MspDeInit
                0x0800258a       0x14 CMakeFiles/FreeRTOS_LED_Effects.dir/C_/wbs/STM32CubeF4/Drivers/STM32F4xx_HAL_Driver/Src/stm32f4xx_hal_spi.c.obj
                0x0800258a                HAL_SPI_MspDeInit
 .text.HAL_SPI_TransmitReceive
                0x0800259e      0x496 CMakeFiles/FreeRTOS_LED_Effects.dir/C_/wbs/STM32CubeF4/Drivers/STM32F4xx_HAL_Driver/Src/stm32f4xx_hal_spi.c.obj
                0x0800259e                HAL_SPI_TransmitReceive
 .text.HAL_SPI_GetState
                0x08002a34       0x1c CMakeFiles/FreeRTOS_LED_Effects.dir/C_/wbs/STM32CubeF4/Drivers/STM32F4xx_HAL_Driver/Src/stm32f4xx_hal_spi.c.obj
                0x08002a34                HAL_SPI_GetState
 .text.SPI_WaitFlagStateUntilTimeout
                0x08002a50      0x110 CMakeFiles/FreeRTOS_LED_Effects.dir/C_/wbs/STM32CubeF4/Drivers/STM32F4xx_HAL_Driver/Src/stm32f4xx_hal_spi.c.obj
 .text.SPI_EndRxTxTransaction
                0x08002b60       0xa8 CMakeFiles/FreeRTOS_LED_Effects.dir/C_/wbs/STM32CubeF4/Drivers/STM32F4xx_HAL_Driver/Src/stm32f4xx_hal_spi.c.obj
 .text.BSP_LED_Init
                0x08002c08       0xf0 CMakeFiles/FreeRTOS_LED_Effects.dir/C_/wbs/STM32CubeF4/Drivers/BSP/STM32F4-Discovery/stm32f4_discovery.c.obj
                0x08002c08                BSP_LED_Init
 .text.BSP_LED_On
                0x08002cf8       0x34 CMakeFiles/FreeRTOS_LED_Effects.dir/C_/wbs/STM32CubeF4/Drivers/BSP/STM32F4-Discovery/stm32f4_discovery.c.obj
                0x08002cf8                BSP_LED_On
 .text.BSP_LED_Off
                0x08002d2c       0x34 CMakeFiles/FreeRTOS_LED_Effects.dir/C_/wbs/STM32CubeF4/Drivers/BSP/STM32F4-Discovery/stm32f4_discovery.c.obj
                0x08002d2c                BSP_LED_Off
 .text.BSP_LED_Toggle
                0x08002d60       0x34 CMakeFiles/FreeRTOS_LED_Effects.dir/C_/wbs/STM32CubeF4/Drivers/BSP/STM32F4-Discovery/stm32f4_discovery.c.obj
                0x08002d60                BSP_LED_Toggle
 .text.BSP_PB_Init
                0x08002d94       0xb0 CMakeFiles/FreeRTOS_LED_Effects.dir/C_/wbs/STM32CubeF4/Drivers/BSP/STM32F4-Discovery/stm32f4_discovery.c.obj
                0x08002d94                BSP_PB_Init
 .text.SPIx_Init
                0x08002e44       0x74 CMakeFiles/FreeRTOS_LED_Effects.dir/C_/wbs/STM32CubeF4/Drivers/BSP/STM32F4-Discovery/stm32f4_discovery.c.obj
 .text.SPIx_WriteRead
                0x08002eb8       0x40 CMakeFiles/FreeRTOS_LED_Effects.dir/C_/wbs/STM32CubeF4/Drivers/BSP/STM32F4-Discovery/stm32f4_discovery.c.obj
 .text.SPIx_Error
                0x08002ef8       0x18 CMakeFiles/FreeRTOS_LED_Effects.dir/C_/wbs/STM32CubeF4/Drivers/BSP/STM32F4-Discovery/stm32f4_discovery.c.obj
 .text.SPIx_MspInit
                0x08002f10       0x70 CMakeFiles/FreeRTOS_LED_Effects.dir/C_/wbs/STM32CubeF4/Drivers/BSP/STM32F4-Discovery/stm32f4_discovery.c.obj
 .text.ACCELERO_IO_Init
                0x08002f80       0x5c CMakeFiles/FreeRTOS_LED_Effects.dir/C_/wbs/STM32CubeF4/Drivers/BSP/STM32F4-Discovery/stm32f4_discovery.c.obj
                0x08002f80                ACCELERO_IO_Init
 .text.ACCELERO_IO_ITConfig
                0x08002fdc       0x60 CMakeFiles/FreeRTOS_LED_Effects.dir/C_/wbs/STM32CubeF4/Drivers/BSP/STM32F4-Discovery/stm32f4_discovery.c.obj
                0x08002fdc                ACCELERO_IO_ITConfig
 .text.ACCELERO_IO_Write
                0x0800303c       0x64 CMakeFiles/FreeRTOS_LED_Effects.dir/C_/wbs/STM32CubeF4/Drivers/BSP/STM32F4-Discovery/stm32f4_discovery.c.obj
                0x0800303c                ACCELERO_IO_Write
 .text.ACCELERO_IO_Read
                0x080030a0       0x74 CMakeFiles/FreeRTOS_LED_Effects.dir/C_/wbs/STM32CubeF4/Drivers/BSP/STM32F4-Discovery/stm32f4_discovery.c.obj
                0x080030a0                ACCELERO_IO_Read
 .text.BSP_ACCELERO_Init
                0x08003114      0x118 CMakeFiles/FreeRTOS_LED_Effects.dir/C_/wbs/STM32CubeF4/Drivers/BSP/STM32F4-Discovery/stm32f4_discovery_accelerometer.c.obj
                0x08003114                BSP_ACCELERO_Init
 .text.BSP_ACCELERO_GetXYZ
                0x0800322c       0x58 CMakeFiles/FreeRTOS_LED_Effects.dir/C_/wbs/STM32CubeF4/Drivers/BSP/STM32F4-Discovery/stm32f4_discovery_accelerometer.c.obj
                0x0800322c                BSP_ACCELERO_GetXYZ
 .text.LIS302DL_Init
                0x08003284       0x2e CMakeFiles/FreeRTOS_LED_Effects.dir/C_/wbs/STM32CubeF4/Drivers/BSP/Components/lis302dl/lis302dl.c.obj
                0x08003284                LIS302DL_Init
 .text.LIS302DL_DeInit
                0x080032b2        0xe CMakeFiles/FreeRTOS_LED_Effects.dir/C_/wbs/STM32CubeF4/Drivers/BSP/Components/lis302dl/lis302dl.c.obj
                0x080032b2                LIS302DL_DeInit
 .text.LIS302DL_ReadID
                0x080032c0       0x24 CMakeFiles/FreeRTOS_LED_Effects.dir/C_/wbs/STM32CubeF4/Drivers/BSP/Components/lis302dl/lis302dl.c.obj
                0x080032c0                LIS302DL_ReadID
 .text.LIS302DL_FilterConfig
                0x080032e4       0x46 CMakeFiles/FreeRTOS_LED_Effects.dir/C_/wbs/STM32CubeF4/Drivers/BSP/Components/lis302dl/lis302dl.c.obj
                0x080032e4                LIS302DL_FilterConfig
 .text.LIS302DL_InterruptConfig
                0x0800332a       0x46 CMakeFiles/FreeRTOS_LED_Effects.dir/C_/wbs/STM32CubeF4/Drivers/BSP/Components/lis302dl/lis302dl.c.obj
                0x0800332a                LIS302DL_InterruptConfig
 .text.LIS302DL_Click_IntConfig
                0x08003370       0xaa CMakeFiles/FreeRTOS_LED_Effects.dir/C_/wbs/STM32CubeF4/Drivers/BSP/Components/lis302dl/lis302dl.c.obj
                0x08003370                LIS302DL_Click_IntConfig
 .text.LIS302DL_Click_IntClear
                0x0800341a       0x2c CMakeFiles/FreeRTOS_LED_Effects.dir/C_/wbs/STM32CubeF4/Drivers/BSP/Components/lis302dl/lis302dl.c.obj
                0x0800341a                LIS302DL_Click_IntClear
 .text.LIS302DL_RebootCmd
                0x08003446       0x30 CMakeFiles/FreeRTOS_LED_Effects.dir/C_/wbs/STM32CubeF4/Drivers/BSP/Components/lis302dl/lis302dl.c.obj
                0x08003446                LIS302DL_RebootCmd
 .text.LIS302DL_ReadACC
                0x08003476       0xb2 CMakeFiles/FreeRTOS_LED_Effects.dir/C_/wbs/STM32CubeF4/Drivers/BSP/Components/lis302dl/lis302dl.c.obj
                0x08003476                LIS302DL_ReadACC
 .text.LIS3DSH_Init
                0x08003528       0x46 CMakeFiles/FreeRTOS_LED_Effects.dir/C_/wbs/STM32CubeF4/Drivers/BSP/Components/lis3dsh/lis3dsh.c.obj
                0x08003528                LIS3DSH_Init
 .text.LIS3DSH_DeInit
                0x0800356e        0xe CMakeFiles/FreeRTOS_LED_Effects.dir/C_/wbs/STM32CubeF4/Drivers/BSP/Components/lis3dsh/lis3dsh.c.obj
                0x0800356e                LIS3DSH_DeInit
 .text.LIS3DSH_ReadID
                0x0800357c       0x24 CMakeFiles/FreeRTOS_LED_Effects.dir/C_/wbs/STM32CubeF4/Drivers/BSP/Components/lis3dsh/lis3dsh.c.obj
                0x0800357c                LIS3DSH_ReadID
 .text.LIS3DSH_InterruptConfig
                0x080035a0       0x70 CMakeFiles/FreeRTOS_LED_Effects.dir/C_/wbs/STM32CubeF4/Drivers/BSP/Components/lis3dsh/lis3dsh.c.obj
                0x080035a0                LIS3DSH_InterruptConfig
 .text.LIS3DSH_Click_IntConfig
                0x08003610       0xde CMakeFiles/FreeRTOS_LED_Effects.dir/C_/wbs/STM32CubeF4/Drivers/BSP/Components/lis3dsh/lis3dsh.c.obj
                0x08003610                LIS3DSH_Click_IntConfig
 .text.LIS3DSH_RebootCmd
                0x080036ee       0x30 CMakeFiles/FreeRTOS_LED_Effects.dir/C_/wbs/STM32CubeF4/Drivers/BSP/Components/lis3dsh/lis3dsh.c.obj
                0x080036ee                LIS3DSH_RebootCmd
 *fill*         0x0800371e        0x2 
 .text.LIS3DSH_ReadACC
                0x08003720      0x1b4 CMakeFiles/FreeRTOS_LED_Effects.dir/C_/wbs/STM32CubeF4/Drivers/BSP/Components/lis3dsh/lis3dsh.c.obj
                0x08003720                LIS3DSH_ReadACC
 .text.vListInitialise
                0x080038d4       0x40 CMakeFiles/FreeRTOS_LED_Effects.dir/C_/wbs/STM32CubeF4/Middlewares/Third_Party/FreeRTOS/Source/list.c.obj
                0x080038d4                vListInitialise
 .text.vListInitialiseItem
                0x08003914       0x1a CMakeFiles/FreeRTOS_LED_Effects.dir/C_/wbs/STM32CubeF4/Middlewares/Third_Party/FreeRTOS/Source/list.c.obj
                0x08003914                vListInitialiseItem
 .text.vListInsertEnd
                0x0800392e       0x48 CMakeFiles/FreeRTOS_LED_Effects.dir/C_/wbs/STM32CubeF4/Middlewares/Third_Party/FreeRTOS/Source/list.c.obj
                0x0800392e                vListInsertEnd
 .text.vListInsert
                0x08003976       0x72 CMakeFiles/FreeRTOS_LED_Effects.dir/C_/wbs/STM32CubeF4/Middlewares/Third_Party/FreeRTOS/Source/list.c.obj
                0x08003976                vListInsert
 .text.uxListRemove
                0x080039e8       0x54 CMakeFiles/FreeRTOS_LED_Effects.dir/C_/wbs/STM32CubeF4/Middlewares/Third_Party/FreeRTOS/Source/list.c.obj
                0x080039e8                uxListRemove
 .text.xQueueGenericReset
                0x08003a3c       0xd4 CMakeFiles/FreeRTOS_LED_Effects.dir/C_/wbs/STM32CubeF4/Middlewares/Third_Party/FreeRTOS/Source/queue.c.obj
                0x08003a3c                xQueueGenericReset
 .text.xQueueGenericCreate
                0x08003b10       0x6e CMakeFiles/FreeRTOS_LED_Effects.dir/C_/wbs/STM32CubeF4/Middlewares/Third_Party/FreeRTOS/Source/queue.c.obj
                0x08003b10                xQueueGenericCreate
 .text.prvInitialiseNewQueue
                0x08003b7e       0x46 CMakeFiles/FreeRTOS_LED_Effects.dir/C_/wbs/STM32CubeF4/Middlewares/Third_Party/FreeRTOS/Source/queue.c.obj
 .text.xQueueGenericSend
                0x08003bc4      0x204 CMakeFiles/FreeRTOS_LED_Effects.dir/C_/wbs/STM32CubeF4/Middlewares/Third_Party/FreeRTOS/Source/queue.c.obj
                0x08003bc4                xQueueGenericSend
 .text.xQueueGenericSendFromISR
                0x08003dc8      0x13c CMakeFiles/FreeRTOS_LED_Effects.dir/C_/wbs/STM32CubeF4/Middlewares/Third_Party/FreeRTOS/Source/queue.c.obj
                0x08003dc8                xQueueGenericSendFromISR
 .text.xQueueReceive
                0x08003f04      0x1c4 CMakeFiles/FreeRTOS_LED_Effects.dir/C_/wbs/STM32CubeF4/Middlewares/Third_Party/FreeRTOS/Source/queue.c.obj
                0x08003f04                xQueueReceive
 .text.prvCopyDataToQueue
                0x080040c8       0xd4 CMakeFiles/FreeRTOS_LED_Effects.dir/C_/wbs/STM32CubeF4/Middlewares/Third_Party/FreeRTOS/Source/queue.c.obj
 .text.prvCopyDataFromQueue
                0x0800419c       0x4c CMakeFiles/FreeRTOS_LED_Effects.dir/C_/wbs/STM32CubeF4/Middlewares/Third_Party/FreeRTOS/Source/queue.c.obj
 .text.prvUnlockQueue
                0x080041e8       0xa4 CMakeFiles/FreeRTOS_LED_Effects.dir/C_/wbs/STM32CubeF4/Middlewares/Third_Party/FreeRTOS/Source/queue.c.obj
 .text.prvIsQueueEmpty
                0x0800428c       0x2c CMakeFiles/FreeRTOS_LED_Effects.dir/C_/wbs/STM32CubeF4/Middlewares/Third_Party/FreeRTOS/Source/queue.c.obj
 .text.prvIsQueueFull
                0x080042b8       0x30 CMakeFiles/FreeRTOS_LED_Effects.dir/C_/wbs/STM32CubeF4/Middlewares/Third_Party/FreeRTOS/Source/queue.c.obj
 .text.vQueueAddToRegistry
                0x080042e8       0x54 CMakeFiles/FreeRTOS_LED_Effects.dir/C_/wbs/STM32CubeF4/Middlewares/Third_Party/FreeRTOS/Source/queue.c.obj
                0x080042e8                vQueueAddToRegistry
 .text.vQueueWaitForMessageRestricted
                0x0800433c       0x68 CMakeFiles/FreeRTOS_LED_Effects.dir/C_/wbs/STM32CubeF4/Middlewares/Third_Party/FreeRTOS/Source/queue.c.obj
                0x0800433c                vQueueWaitForMessageRestricted
 .text.xTaskCreate
                0x080043a4       0x82 CMakeFiles/FreeRTOS_LED_Effects.dir/C_/wbs/STM32CubeF4/Middlewares/Third_Party/FreeRTOS/Source/tasks.c.obj
                0x080043a4                xTaskCreate
 .text.prvInitialiseNewTask
                0x08004426      0x120 CMakeFiles/FreeRTOS_LED_Effects.dir/C_/wbs/STM32CubeF4/Middlewares/Third_Party/FreeRTOS/Source/tasks.c.obj
 *fill*         0x08004546        0x2 
 .text.prvAddNewTaskToReadyList
                0x08004548       0xdc CMakeFiles/FreeRTOS_LED_Effects.dir/C_/wbs/STM32CubeF4/Middlewares/Third_Party/FreeRTOS/Source/tasks.c.obj
 .text.vTaskDelay
                0x08004624       0x6c CMakeFiles/FreeRTOS_LED_Effects.dir/C_/wbs/STM32CubeF4/Middlewares/Third_Party/FreeRTOS/Source/tasks.c.obj
                0x08004624                vTaskDelay
 .text.vTaskStartScheduler
                0x08004690       0x9c CMakeFiles/FreeRTOS_LED_Effects.dir/C_/wbs/STM32CubeF4/Middlewares/Third_Party/FreeRTOS/Source/tasks.c.obj
                0x08004690                vTaskStartScheduler
 .text.vTaskSuspendAll
                0x0800472c       0x1c CMakeFiles/FreeRTOS_LED_Effects.dir/C_/wbs/STM32CubeF4/Middlewares/Third_Party/FreeRTOS/Source/tasks.c.obj
                0x0800472c                vTaskSuspendAll
 .text.xTaskResumeAll
                0x08004748      0x13c CMakeFiles/FreeRTOS_LED_Effects.dir/C_/wbs/STM32CubeF4/Middlewares/Third_Party/FreeRTOS/Source/tasks.c.obj
                0x08004748                xTaskResumeAll
 .text.xTaskGetTickCount
                0x08004884       0x20 CMakeFiles/FreeRTOS_LED_Effects.dir/C_/wbs/STM32CubeF4/Middlewares/Third_Party/FreeRTOS/Source/tasks.c.obj
                0x08004884                xTaskGetTickCount
 .text.xTaskIncrementTick
                0x080048a4      0x174 CMakeFiles/FreeRTOS_LED_Effects.dir/C_/wbs/STM32CubeF4/Middlewares/Third_Party/FreeRTOS/Source/tasks.c.obj
                0x080048a4                xTaskIncrementTick
 .text.vTaskSwitchContext
                0x08004a18       0xb8 CMakeFiles/FreeRTOS_LED_Effects.dir/C_/wbs/STM32CubeF4/Middlewares/Third_Party/FreeRTOS/Source/tasks.c.obj
                0x08004a18                vTaskSwitchContext
 .text.vTaskPlaceOnEventList
                0x08004ad0       0x4c CMakeFiles/FreeRTOS_LED_Effects.dir/C_/wbs/STM32CubeF4/Middlewares/Third_Party/FreeRTOS/Source/tasks.c.obj
                0x08004ad0                vTaskPlaceOnEventList
 .text.vTaskPlaceOnEventListRestricted
                0x08004b1c       0x58 CMakeFiles/FreeRTOS_LED_Effects.dir/C_/wbs/STM32CubeF4/Middlewares/Third_Party/FreeRTOS/Source/tasks.c.obj
                0x08004b1c                vTaskPlaceOnEventListRestricted
 .text.xTaskRemoveFromEventList
                0x08004b74       0xc8 CMakeFiles/FreeRTOS_LED_Effects.dir/C_/wbs/STM32CubeF4/Middlewares/Third_Party/FreeRTOS/Source/tasks.c.obj
                0x08004b74                xTaskRemoveFromEventList
 .text.vTaskInternalSetTimeOutState
                0x08004c3c       0x2c CMakeFiles/FreeRTOS_LED_Effects.dir/C_/wbs/STM32CubeF4/Middlewares/Third_Party/FreeRTOS/Source/tasks.c.obj
                0x08004c3c                vTaskInternalSetTimeOutState
 .text.xTaskCheckForTimeOut
                0x08004c68       0xc8 CMakeFiles/FreeRTOS_LED_Effects.dir/C_/wbs/STM32CubeF4/Middlewares/Third_Party/FreeRTOS/Source/tasks.c.obj
                0x08004c68                xTaskCheckForTimeOut
 .text.vTaskMissedYield
                0x08004d30       0x18 CMakeFiles/FreeRTOS_LED_Effects.dir/C_/wbs/STM32CubeF4/Middlewares/Third_Party/FreeRTOS/Source/tasks.c.obj
                0x08004d30                vTaskMissedYield
 .text.prvIdleTask
                0x08004d48       0x30 CMakeFiles/FreeRTOS_LED_Effects.dir/C_/wbs/STM32CubeF4/Middlewares/Third_Party/FreeRTOS/Source/tasks.c.obj
 .text.prvInitialiseTaskLists
                0x08004d78       0x80 CMakeFiles/FreeRTOS_LED_Effects.dir/C_/wbs/STM32CubeF4/Middlewares/Third_Party/FreeRTOS/Source/tasks.c.obj
 .text.prvCheckTasksWaitingTermination
                0x08004df8       0x5c CMakeFiles/FreeRTOS_LED_Effects.dir/C_/wbs/STM32CubeF4/Middlewares/Third_Party/FreeRTOS/Source/tasks.c.obj
 .text.prvDeleteTCB
                0x08004e54       0x20 CMakeFiles/FreeRTOS_LED_Effects.dir/C_/wbs/STM32CubeF4/Middlewares/Third_Party/FreeRTOS/Source/tasks.c.obj
 .text.prvResetNextTaskUnblockTime
                0x08004e74       0x40 CMakeFiles/FreeRTOS_LED_Effects.dir/C_/wbs/STM32CubeF4/Middlewares/Third_Party/FreeRTOS/Source/tasks.c.obj
 .text.xTaskGetSchedulerState
                0x08004eb4       0x3c CMakeFiles/FreeRTOS_LED_Effects.dir/C_/wbs/STM32CubeF4/Middlewares/Third_Party/FreeRTOS/Source/tasks.c.obj
                0x08004eb4                xTaskGetSchedulerState
 .text.xTaskPriorityDisinherit
                0x08004ef0      0x110 CMakeFiles/FreeRTOS_LED_Effects.dir/C_/wbs/STM32CubeF4/Middlewares/Third_Party/FreeRTOS/Source/tasks.c.obj
                0x08004ef0                xTaskPriorityDisinherit
 .text.prvAddCurrentTaskToDelayedList
                0x08005000       0xcc CMakeFiles/FreeRTOS_LED_Effects.dir/C_/wbs/STM32CubeF4/Middlewares/Third_Party/FreeRTOS/Source/tasks.c.obj
 .text.xTimerCreateTimerTask
                0x080050cc       0x68 CMakeFiles/FreeRTOS_LED_Effects.dir/C_/wbs/STM32CubeF4/Middlewares/Third_Party/FreeRTOS/Source/timers.c.obj
                0x080050cc                xTimerCreateTimerTask
 .text.xTimerGenericCommand
                0x08005134       0x9c CMakeFiles/FreeRTOS_LED_Effects.dir/C_/wbs/STM32CubeF4/Middlewares/Third_Party/FreeRTOS/Source/timers.c.obj
                0x08005134                xTimerGenericCommand
 .text.prvProcessExpiredTimer
                0x080051d0       0x9c CMakeFiles/FreeRTOS_LED_Effects.dir/C_/wbs/STM32CubeF4/Middlewares/Third_Party/FreeRTOS/Source/timers.c.obj
 .text.prvTimerTask
                0x0800526c       0x26 CMakeFiles/FreeRTOS_LED_Effects.dir/C_/wbs/STM32CubeF4/Middlewares/Third_Party/FreeRTOS/Source/timers.c.obj
 *fill*         0x08005292        0x2 
 .text.prvProcessTimerOrBlockTask
                0x08005294       0x9c CMakeFiles/FreeRTOS_LED_Effects.dir/C_/wbs/STM32CubeF4/Middlewares/Third_Party/FreeRTOS/Source/timers.c.obj
 .text.prvGetNextExpireTime
                0x08005330       0x48 CMakeFiles/FreeRTOS_LED_Effects.dir/C_/wbs/STM32CubeF4/Middlewares/Third_Party/FreeRTOS/Source/timers.c.obj
 .text.prvSampleTimeNow
                0x08005378       0x40 CMakeFiles/FreeRTOS_LED_Effects.dir/C_/wbs/STM32CubeF4/Middlewares/Third_Party/FreeRTOS/Source/timers.c.obj
 .text.prvInsertTimerInActiveList
                0x080053b8       0x84 CMakeFiles/FreeRTOS_LED_Effects.dir/C_/wbs/STM32CubeF4/Middlewares/Third_Party/FreeRTOS/Source/timers.c.obj
 .text.prvProcessReceivedCommands
                0x0800543c      0x194 CMakeFiles/FreeRTOS_LED_Effects.dir/C_/wbs/STM32CubeF4/Middlewares/Third_Party/FreeRTOS/Source/timers.c.obj
 .text.prvSwitchTimerLists
                0x080055d0       0xcc CMakeFiles/FreeRTOS_LED_Effects.dir/C_/wbs/STM32CubeF4/Middlewares/Third_Party/FreeRTOS/Source/timers.c.obj
 .text.prvCheckForValidListAndQueue
                0x0800569c       0x6c CMakeFiles/FreeRTOS_LED_Effects.dir/C_/wbs/STM32CubeF4/Middlewares/Third_Party/FreeRTOS/Source/timers.c.obj
 .text.makeFreeRtosPriority
                0x08005708       0x30 CMakeFiles/FreeRTOS_LED_Effects.dir/C_/wbs/STM32CubeF4/Middlewares/Third_Party/FreeRTOS/Source/CMSIS_RTOS/cmsis_os.c.obj
 .text.osKernelStart
                0x08005738        0xe CMakeFiles/FreeRTOS_LED_Effects.dir/C_/wbs/STM32CubeF4/Middlewares/Third_Party/FreeRTOS/Source/CMSIS_RTOS/cmsis_os.c.obj
                0x08005738                osKernelStart
 .text.osThreadCreate
                0x08005746       0x4e CMakeFiles/FreeRTOS_LED_Effects.dir/C_/wbs/STM32CubeF4/Middlewares/Third_Party/FreeRTOS/Source/CMSIS_RTOS/cmsis_os.c.obj
                0x08005746                osThreadCreate
 .text.osDelay  0x08005794       0x28 CMakeFiles/FreeRTOS_LED_Effects.dir/C_/wbs/STM32CubeF4/Middlewares/Third_Party/FreeRTOS/Source/CMSIS_RTOS/cmsis_os.c.obj
                0x08005794                osDelay
 .text.osSystickHandler
                0x080057bc       0x16 CMakeFiles/FreeRTOS_LED_Effects.dir/C_/wbs/STM32CubeF4/Middlewares/Third_Party/FreeRTOS/Source/CMSIS_RTOS/cmsis_os.c.obj
                0x080057bc                osSystickHandler
 *fill*         0x080057d2        0x2 
 .text.pvPortMalloc
                0x080057d4      0x19c CMakeFiles/FreeRTOS_LED_Effects.dir/C_/wbs/STM32CubeF4/Middlewares/Third_Party/FreeRTOS/Source/portable/MemMang/heap_4.c.obj
                0x080057d4                pvPortMalloc
 .text.vPortFree
                0x08005970       0xc8 CMakeFiles/FreeRTOS_LED_Effects.dir/C_/wbs/STM32CubeF4/Middlewares/Third_Party/FreeRTOS/Source/portable/MemMang/heap_4.c.obj
                0x08005970                vPortFree
 .text.prvHeapInit
                0x08005a38       0xc4 CMakeFiles/FreeRTOS_LED_Effects.dir/C_/wbs/STM32CubeF4/Middlewares/Third_Party/FreeRTOS/Source/portable/MemMang/heap_4.c.obj
 .text.prvInsertBlockIntoFreeList
                0x08005afc       0xb4 CMakeFiles/FreeRTOS_LED_Effects.dir/C_/wbs/STM32CubeF4/Middlewares/Third_Party/FreeRTOS/Source/portable/MemMang/heap_4.c.obj
 .text.pxPortInitialiseStack
                0x08005bb0       0x68 CMakeFiles/FreeRTOS_LED_Effects.dir/C_/wbs/STM32CubeF4/Middlewares/Third_Party/FreeRTOS/Source/portable/GCC/ARM_CM4F/port.c.obj
                0x08005bb0                pxPortInitialiseStack
 .text.prvTaskExitError
                0x08005c18       0x5c CMakeFiles/FreeRTOS_LED_Effects.dir/C_/wbs/STM32CubeF4/Middlewares/Third_Party/FreeRTOS/Source/portable/GCC/ARM_CM4F/port.c.obj
 *fill*         0x08005c74        0xc 
 .text.SVC_Handler
                0x08005c80       0x28 CMakeFiles/FreeRTOS_LED_Effects.dir/C_/wbs/STM32CubeF4/Middlewares/Third_Party/FreeRTOS/Source/portable/GCC/ARM_CM4F/port.c.obj
                0x08005c80                SVC_Handler
 .text.prvPortStartFirstTask
                0x08005ca8       0x28 CMakeFiles/FreeRTOS_LED_Effects.dir/C_/wbs/STM32CubeF4/Middlewares/Third_Party/FreeRTOS/Source/portable/GCC/ARM_CM4F/port.c.obj
 .text.xPortStartScheduler
                0x08005cd0      0x148 CMakeFiles/FreeRTOS_LED_Effects.dir/C_/wbs/STM32CubeF4/Middlewares/Third_Party/FreeRTOS/Source/portable/GCC/ARM_CM4F/port.c.obj
                0x08005cd0                xPortStartScheduler
 .text.vPortEnterCritical
                0x08005e18       0x64 CMakeFiles/FreeRTOS_LED_Effects.dir/C_/wbs/STM32CubeF4/Middlewares/Third_Party/FreeRTOS/Source/portable/GCC/ARM_CM4F/port.c.obj
                0x08005e18                vPortEnterCritical
 .text.vPortExitCritical
                0x08005e7c       0x54 CMakeFiles/FreeRTOS_LED_Effects.dir/C_/wbs/STM32CubeF4/Middlewares/Third_Party/FreeRTOS/Source/portable/GCC/ARM_CM4F/port.c.obj
                0x08005e7c                vPortExitCritical
 .text.PendSV_Handler
                0x08005ed0       0x68 CMakeFiles/FreeRTOS_LED_Effects.dir/C_/wbs/STM32CubeF4/Middlewares/Third_Party/FreeRTOS/Source/portable/GCC/ARM_CM4F/port.c.obj
                0x08005ed0                PendSV_Handler
 .text.xPortSysTickHandler
                0x08005f38       0x44 CMakeFiles/FreeRTOS_LED_Effects.dir/C_/wbs/STM32CubeF4/Middlewares/Third_Party/FreeRTOS/Source/portable/GCC/ARM_CM4F/port.c.obj
                0x08005f38                xPortSysTickHandler
 .text.vPortSetupTimerInterrupt
                0x08005f7c       0x48 CMakeFiles/FreeRTOS_LED_Effects.dir/C_/wbs/STM32CubeF4/Middlewares/Third_Party/FreeRTOS/Source/portable/GCC/ARM_CM4F/port.c.obj
                0x08005f7c                vPortSetupTimerInterrupt
 .text.vPortEnableVFP
                0x08005fc4       0x14 CMakeFiles/FreeRTOS_LED_Effects.dir/C_/wbs/STM32CubeF4/Middlewares/Third_Party/FreeRTOS/Source/portable/GCC/ARM_CM4F/port.c.obj
 .text.vPortValidateInterruptPriority
                0x08005fd8       0x84 CMakeFiles/FreeRTOS_LED_Effects.dir/C_/wbs/STM32CubeF4/Middlewares/Third_Party/FreeRTOS/Source/portable/GCC/ARM_CM4F/port.c.obj
                0x08005fd8                vPortValidateInterruptPriority
 .text.Reset_Handler
                0x0800605c       0x50 CMakeFiles/FreeRTOS_LED_Effects.dir/STM32CubeIDE/Application/Startup/startup_stm32f407vgtx.s.obj
                0x0800605c                Reset_Handler
 .text.Default_Handler
                0x080060ac        0x2 CMakeFiles/FreeRTOS_LED_Effects.dir/STM32CubeIDE/Application/Startup/startup_stm32f407vgtx.s.obj
                0x080060ac                RTC_Alarm_IRQHandler
                0x080060ac                HASH_RNG_IRQHandler
                0x080060ac                EXTI2_IRQHandler
                0x080060ac                TIM8_CC_IRQHandler
                0x080060ac                TIM1_CC_IRQHandler
                0x080060ac                DMA2_Stream5_IRQHandler
                0x080060ac                DMA1_Stream5_IRQHandler
                0x080060ac                PVD_IRQHandler
                0x080060ac                SDIO_IRQHandler
                0x080060ac                TAMP_STAMP_IRQHandler
                0x080060ac                CAN2_RX1_IRQHandler
                0x080060ac                EXTI3_IRQHandler
                0x080060ac                TIM8_TRG_COM_TIM14_IRQHandler
                0x080060ac                TIM1_UP_TIM10_IRQHandler
                0x080060ac                TIM8_UP_TIM13_IRQHandler
                0x080060ac                I2C3_ER_IRQHandler
                0x080060ac                I2C2_EV_IRQHandler
                0x080060ac                DMA1_Stream2_IRQHandler
                0x080060ac                CAN1_RX0_IRQHandler
                0x080060ac                FPU_IRQHandler
                0x080060ac                OTG_HS_WKUP_IRQHandler
                0x080060ac                CAN2_SCE_IRQHandler
                0x080060ac                DMA2_Stream2_IRQHandler
                0x080060ac                SPI1_IRQHandler
                0x080060ac                TIM6_DAC_IRQHandler
                0x080060ac                TIM1_BRK_TIM9_IRQHandler
                0x080060ac                DCMI_IRQHandler
                0x080060ac                CAN2_RX0_IRQHandler
                0x080060ac                DMA2_Stream3_IRQHandler
                0x080060ac                USART6_IRQHandler
                0x080060ac                USART3_IRQHandler
                0x080060ac                CAN1_RX1_IRQHandler
                0x080060ac                UART5_IRQHandler
                0x080060ac                DMA2_Stream0_IRQHandler
                0x080060ac                TIM4_IRQHandler
                0x080060ac                I2C1_EV_IRQHandler
                0x080060ac                DMA1_Stream6_IRQHandler
                0x080060ac                DMA1_Stream1_IRQHandler
                0x080060ac                UART4_IRQHandler
                0x080060ac                TIM3_IRQHandler
                0x080060ac                RCC_IRQHandler
                0x080060ac                TIM8_BRK_TIM12_IRQHandler
                0x080060ac                Default_Handler
                0x080060ac                EXTI15_10_IRQHandler
                0x080060ac                ADC_IRQHandler
                0x080060ac                DMA1_Stream7_IRQHandler
                0x080060ac                TIM7_IRQHandler
                0x080060ac                CAN2_TX_IRQHandler
                0x080060ac                TIM5_IRQHandler
                0x080060ac                DMA2_Stream7_IRQHandler
                0x080060ac                I2C3_EV_IRQHandler
                0x080060ac                EXTI9_5_IRQHandler
                0x080060ac                RTC_WKUP_IRQHandler
                0x080060ac                ETH_WKUP_IRQHandler
                0x080060ac                SPI2_IRQHandler
                0x080060ac                OTG_HS_EP1_IN_IRQHandler
                0x080060ac                DMA1_Stream0_IRQHandler
                0x080060ac                CAN1_TX_IRQHandler
                0x080060ac                EXTI4_IRQHandler
                0x080060ac                FSMC_IRQHandler
                0x080060ac                ETH_IRQHandler
                0x080060ac                OTG_HS_EP1_OUT_IRQHandler
                0x080060ac                WWDG_IRQHandler
                0x080060ac                TIM2_IRQHandler
                0x080060ac                OTG_FS_WKUP_IRQHandler
                0x080060ac                TIM1_TRG_COM_TIM11_IRQHandler
                0x080060ac                OTG_HS_IRQHandler
                0x080060ac                EXTI1_IRQHandler
                0x080060ac                USART2_IRQHandler
                0x080060ac                I2C2_ER_IRQHandler
                0x080060ac                DMA2_Stream1_IRQHandler
                0x080060ac                CAN1_SCE_IRQHandler
                0x080060ac                FLASH_IRQHandler
                0x080060ac                DMA2_Stream4_IRQHandler
                0x080060ac                USART1_IRQHandler
                0x080060ac                OTG_FS_IRQHandler
                0x080060ac                SPI3_IRQHandler
                0x080060ac                DMA1_Stream4_IRQHandler
                0x080060ac                I2C1_ER_IRQHandler
                0x080060ac                DMA2_Stream6_IRQHandler
                0x080060ac                DMA1_Stream3_IRQHandler
 *fill*         0x080060ae        0x2 
 .text.__udivmoddi4
                0x080060b0      0x2bc C:/Program Files (x86)/Arm GNU Toolchain arm-none-eabi/13.3 rel1/bin/../lib/gcc/arm-none-eabi/13.3.1/thumb/v7e-m+fp/hard\libgcc.a(_udivmoddi4.o)
                0x080060b0                __udivmoddi4
 .text.srand    0x0800636c       0x5c C:/Program Files (x86)/Arm GNU Toolchain arm-none-eabi/13.3 rel1/bin/../lib/gcc/arm-none-eabi/13.3.1/thumb/v7e-m+fp/hard\libc_nano.a(libc_a-rand.o)
                0x0800636c                srand
 .text.rand     0x080063c8       0x7c C:/Program Files (x86)/Arm GNU Toolchain arm-none-eabi/13.3 rel1/bin/../lib/gcc/arm-none-eabi/13.3.1/thumb/v7e-m+fp/hard\libc_nano.a(libc_a-rand.o)
                0x080063c8                rand
 .text.memcpy   0x08006444       0x1c C:/Program Files (x86)/Arm GNU Toolchain arm-none-eabi/13.3 rel1/bin/../lib/gcc/arm-none-eabi/13.3.1/thumb/v7e-m+fp/hard\libc_nano.a(libc_a-memcpy-stub.o)
                0x08006444                memcpy
 .text.__assert_func
                0x08006460       0x3c C:/Program Files (x86)/Arm GNU Toolchain arm-none-eabi/13.3 rel1/bin/../lib/gcc/arm-none-eabi/13.3.1/thumb/v7e-m+fp/hard\libc_nano.a(libc_a-assert.o)
                0x08006460                __assert_func
 .text.malloc   0x0800649c       0x10 C:/Program Files (x86)/Arm GNU Toolchain arm-none-eabi/13.3 rel1/bin/../lib/gcc/arm-none-eabi/13.3.1/thumb/v7e-m+fp/hard\libc_nano.a(libc_a-malloc.o)
                0x0800649c                malloc
 .text.fprintf  0x080064ac       0x24 C:/Program Files (x86)/Arm GNU Toolchain arm-none-eabi/13.3 rel1/bin/../lib/gcc/arm-none-eabi/13.3.1/thumb/v7e-m+fp/hard\libc_nano.a(libc_a-fprintf.o)
                0x080064ac                fiprintf
                0x080064ac                fprintf
 .text.abort    0x080064d0        0xe C:/Program Files (x86)/Arm GNU Toolchain arm-none-eabi/13.3 rel1/bin/../lib/gcc/arm-none-eabi/13.3.1/thumb/v7e-m+fp/hard\libc_nano.a(libc_a-abort.o)
                0x080064d0                abort
 .text.__sfputc_r
                0x080064de       0x2e C:/Program Files (x86)/Arm GNU Toolchain arm-none-eabi/13.3 rel1/bin/../lib/gcc/arm-none-eabi/13.3.1/thumb/v7e-m+fp/hard\libc_nano.a(libc_a-nano-vfprintf.o)
 .text.__sfputs_r
                0x0800650c       0x24 C:/Program Files (x86)/Arm GNU Toolchain arm-none-eabi/13.3 rel1/bin/../lib/gcc/arm-none-eabi/13.3.1/thumb/v7e-m+fp/hard\libc_nano.a(libc_a-nano-vfprintf.o)
                0x0800650c                __sfputs_r
 .text._vfprintf_r
                0x08006530      0x230 C:/Program Files (x86)/Arm GNU Toolchain arm-none-eabi/13.3 rel1/bin/../lib/gcc/arm-none-eabi/13.3.1/thumb/v7e-m+fp/hard\libc_nano.a(libc_a-nano-vfprintf.o)
                0x08006530                _vfprintf_r
                0x08006530                _vfiprintf_r
 .text._printf_common
                0x08006760       0xda C:/Program Files (x86)/Arm GNU Toolchain arm-none-eabi/13.3 rel1/bin/../lib/gcc/arm-none-eabi/13.3.1/thumb/v7e-m+fp/hard\libc_nano.a(libc_a-nano-vfprintf_i.o)
                0x08006760                _printf_common
 *fill*         0x0800683a        0x2 
 .text._printf_i
                0x0800683c      0x23c C:/Program Files (x86)/Arm GNU Toolchain arm-none-eabi/13.3 rel1/bin/../lib/gcc/arm-none-eabi/13.3.1/thumb/v7e-m+fp/hard\libc_nano.a(libc_a-nano-vfprintf_i.o)
                0x0800683c                _printf_i
 .text.__swbuf_r
                0x08006a78       0x7c C:/Program Files (x86)/Arm GNU Toolchain arm-none-eabi/13.3 rel1/bin/../lib/gcc/arm-none-eabi/13.3.1/thumb/v7e-m+fp/hard\libc_nano.a(libc_a-wbuf.o)
                0x08006a78                __swbuf_r
 .text.__swsetup_r
                0x08006af4       0xac C:/Program Files (x86)/Arm GNU Toolchain arm-none-eabi/13.3 rel1/bin/../lib/gcc/arm-none-eabi/13.3.1/thumb/v7e-m+fp/hard\libc_nano.a(libc_a-wsetup.o)
                0x08006af4                __swsetup_r
 .text._raise_r
                0x08006ba0       0x50 C:/Program Files (x86)/Arm GNU Toolchain arm-none-eabi/13.3 rel1/bin/../lib/gcc/arm-none-eabi/13.3.1/thumb/v7e-m+fp/hard\libc_nano.a(libc_a-signal.o)
                0x08006ba0                _raise_r
 .text.raise    0x08006bf0       0x10 C:/Program Files (x86)/Arm GNU Toolchain arm-none-eabi/13.3 rel1/bin/../lib/gcc/arm-none-eabi/13.3.1/thumb/v7e-m+fp/hard\libc_nano.a(libc_a-signal.o)
                0x08006bf0                raise
 .text._kill_r  0x08006c00       0x24 C:/Program Files (x86)/Arm GNU Toolchain arm-none-eabi/13.3 rel1/bin/../lib/gcc/arm-none-eabi/13.3.1/thumb/v7e-m+fp/hard\libc_nano.a(libc_a-signalr.o)
                0x08006c00                _kill_r
 .text._getpid_r
                0x08006c24        0x4 C:/Program Files (x86)/Arm GNU Toolchain arm-none-eabi/13.3 rel1/bin/../lib/gcc/arm-none-eabi/13.3.1/thumb/v7e-m+fp/hard\libc_nano.a(libc_a-signalr.o)
                0x08006c24                _getpid_r
 .text.__swhatbuf_r
                0x08006c28       0x4c C:/Program Files (x86)/Arm GNU Toolchain arm-none-eabi/13.3 rel1/bin/../lib/gcc/arm-none-eabi/13.3.1/thumb/v7e-m+fp/hard\libc_nano.a(libc_a-makebuf.o)
                0x08006c28                __swhatbuf_r
 .text.__smakebuf_r
                0x08006c74       0x78 C:/Program Files (x86)/Arm GNU Toolchain arm-none-eabi/13.3 rel1/bin/../lib/gcc/arm-none-eabi/13.3.1/thumb/v7e-m+fp/hard\libc_nano.a(libc_a-makebuf.o)
                0x08006c74                __smakebuf_r
 .text._fstat_r
                0x08006cec       0x24 C:/Program Files (x86)/Arm GNU Toolchain arm-none-eabi/13.3 rel1/bin/../lib/gcc/arm-none-eabi/13.3.1/thumb/v7e-m+fp/hard\libc_nano.a(libc_a-fstatr.o)
                0x08006cec                _fstat_r
 .text._isatty_r
                0x08006d10       0x20 C:/Program Files (x86)/Arm GNU Toolchain arm-none-eabi/13.3 rel1/bin/../lib/gcc/arm-none-eabi/13.3.1/thumb/v7e-m+fp/hard\libc_nano.a(libc_a-isattyr.o)
                0x08006d10                _isatty_r
 .text._fstat   0x08006d30       0x10 C:/Program Files (x86)/Arm GNU Toolchain arm-none-eabi/13.3 rel1/bin/../lib/gcc/arm-none-eabi/13.3.1/thumb/v7e-m+fp/hard\libnosys.a(fstat.o)
                0x08006d30                _fstat
 .text._getpid  0x08006d40       0x10 C:/Program Files (x86)/Arm GNU Toolchain arm-none-eabi/13.3 rel1/bin/../lib/gcc/arm-none-eabi/13.3.1/thumb/v7e-m+fp/hard\libnosys.a(getpid.o)
                0x08006d40                _getpid
 .text._isatty  0x08006d50       0x10 C:/Program Files (x86)/Arm GNU Toolchain arm-none-eabi/13.3 rel1/bin/../lib/gcc/arm-none-eabi/13.3.1/thumb/v7e-m+fp/hard\libnosys.a(isatty.o)
                0x08006d50                _isatty
 .text._kill    0x08006d60       0x10 C:/Program Files (x86)/Arm GNU Toolchain arm-none-eabi/13.3 rel1/bin/../lib/gcc/arm-none-eabi/13.3.1/thumb/v7e-m+fp/hard\libnosys.a(kill.o)
                0x08006d60                _kill
 *(.glue_7)
 .glue_7        0x08006d70        0x0 linker stubs
 *(.glue_7t)
 .glue_7t       0x08006d70        0x0 linker stubs
 *(.eh_frame)
 .eh_frame      0x08006d70        0x0 C:/Program Files (x86)/Arm GNU Toolchain arm-none-eabi/13.3 rel1/bin/../lib/gcc/arm-none-eabi/13.3.1/thumb/v7e-m+fp/hard/crtbegin.o
 *(.init)
 .init          0x08006d70        0x4 C:/Program Files (x86)/Arm GNU Toolchain arm-none-eabi/13.3 rel1/bin/../lib/gcc/arm-none-eabi/13.3.1/thumb/v7e-m+fp/hard/crti.o
                0x08006d70                _init
 .init          0x08006d74        0x8 C:/Program Files (x86)/Arm GNU Toolchain arm-none-eabi/13.3 rel1/bin/../lib/gcc/arm-none-eabi/13.3.1/thumb/v7e-m+fp/hard/crtn.o
 *(.fini)
 .fini          0x08006d7c        0x4 C:/Program Files (x86)/Arm GNU Toolchain arm-none-eabi/13.3 rel1/bin/../lib/gcc/arm-none-eabi/13.3.1/thumb/v7e-m+fp/hard/crti.o
                0x08006d7c                _fini
 .fini          0x08006d80        0x8 C:/Program Files (x86)/Arm GNU Toolchain arm-none-eabi/13.3 rel1/bin/../lib/gcc/arm-none-eabi/13.3.1/thumb/v7e-m+fp/hard/crtn.o
                0x08006d88                        . = ALIGN (0x4)
                0x08006d88                        _etext = .

.vfp11_veneer   0x08006d88        0x0
 .vfp11_veneer  0x08006d88        0x0 linker stubs

.v4_bx          0x08006d88        0x0
 .v4_bx         0x08006d88        0x0 linker stubs

.iplt           0x08006d88        0x0
 .iplt          0x08006d88        0x0 C:/Program Files (x86)/Arm GNU Toolchain arm-none-eabi/13.3 rel1/bin/../lib/gcc/arm-none-eabi/13.3.1/thumb/v7e-m+fp/hard/crtbegin.o

.rodata         0x08006d88      0x174
                0x08006d88                        . = ALIGN (0x4)
 *(.rodata)
 .rodata        0x08006d88       0x64 CMakeFiles/FreeRTOS_LED_Effects.dir/Src/main.c.obj
 .rodata        0x08006dec        0x5 CMakeFiles/FreeRTOS_LED_Effects.dir/C_/wbs/STM32CubeF4/Middlewares/Third_Party/FreeRTOS/Source/tasks.c.obj
 *fill*         0x08006df1        0x3 
 .rodata        0x08006df4        0xd CMakeFiles/FreeRTOS_LED_Effects.dir/C_/wbs/STM32CubeF4/Middlewares/Third_Party/FreeRTOS/Source/timers.c.obj
 *(.rodata*)
 *fill*         0x08006e01        0x3 
 .rodata.AHBPrescTable
                0x08006e04       0x10 CMakeFiles/FreeRTOS_LED_Effects.dir/Src/system_stm32f4xx.c.obj
                0x08006e04                AHBPrescTable
 .rodata.GPIO_PIN
                0x08006e14        0x8 CMakeFiles/FreeRTOS_LED_Effects.dir/C_/wbs/STM32CubeF4/Drivers/BSP/STM32F4-Discovery/stm32f4_discovery.c.obj
                0x08006e14                GPIO_PIN
 .rodata.srand.str1.1
                0x08006e1c       0xdf C:/Program Files (x86)/Arm GNU Toolchain arm-none-eabi/13.3 rel1/bin/../lib/gcc/arm-none-eabi/13.3.1/thumb/v7e-m+fp/hard\libc_nano.a(libc_a-rand.o)
                                 0x70 (size before relaxing)
 .rodata.__assert_func.str1.1
                0x08006efb       0x3d C:/Program Files (x86)/Arm GNU Toolchain arm-none-eabi/13.3 rel1/bin/../lib/gcc/arm-none-eabi/13.3.1/thumb/v7e-m+fp/hard\libc_nano.a(libc_a-assert.o)
 .rodata._vfprintf_r.str1.1
                0x08006efb       0x11 C:/Program Files (x86)/Arm GNU Toolchain arm-none-eabi/13.3 rel1/bin/../lib/gcc/arm-none-eabi/13.3.1/thumb/v7e-m+fp/hard\libc_nano.a(libc_a-nano-vfprintf.o)
 .rodata._printf_i.str1.1
                0x08006efb       0x22 C:/Program Files (x86)/Arm GNU Toolchain arm-none-eabi/13.3 rel1/bin/../lib/gcc/arm-none-eabi/13.3.1/thumb/v7e-m+fp/hard\libc_nano.a(libc_a-nano-vfprintf_i.o)
                0x08006f38                        . = ALIGN (0x4)
 *fill*         0x08006efb        0x1 

.ARM.extab      0x08006efc        0x0
                0x08006efc                        . = ALIGN (0x4)
 *(.ARM.extab* .gnu.linkonce.armextab.*)
                0x08006efc                        . = ALIGN (0x4)

.ARM            0x08006efc        0x8
                0x08006efc                        . = ALIGN (0x4)
                0x08006efc                        __exidx_start = .
 *(.ARM.exidx*)
 .ARM.exidx     0x08006efc        0x8 C:/Program Files (x86)/Arm GNU Toolchain arm-none-eabi/13.3 rel1/bin/../lib/gcc/arm-none-eabi/13.3.1/thumb/v7e-m+fp/hard\libc_nano.a(libc_a-memchr.o)
 .ARM.exidx.text.__udivmoddi4
                0x08006f04        0x0 C:/Program Files (x86)/Arm GNU Toolchain arm-none-eabi/13.3 rel1/bin/../lib/gcc/arm-none-eabi/13.3.1/thumb/v7e-m+fp/hard\libgcc.a(_udivmoddi4.o)
                                  0x8 (size before relaxing)
                0x08006f04                        __exidx_end = .
                0x08006f04                        . = ALIGN (0x4)

.preinit_array  0x08006f04        0x0
                0x08006f04                        . = ALIGN (0x4)
                0x08006f04                        PROVIDE (__preinit_array_start = .)
 *(.preinit_array*)
                0x08006f04                        PROVIDE (__preinit_array_end = .)
                0x08006f04                        . = ALIGN (0x4)

.init_array     0x08006f04        0x4
                0x08006f04                        . = ALIGN (0x4)
                0x08006f04                        PROVIDE (__init_array_start = .)
 *(SORT_BY_NAME(.init_array.*))
 *(.init_array*)
 .init_array    0x08006f04        0x4 C:/Program Files (x86)/Arm GNU Toolchain arm-none-eabi/13.3 rel1/bin/../lib/gcc/arm-none-eabi/13.3.1/thumb/v7e-m+fp/hard/crtbegin.o
                0x08006f08                        PROVIDE (__init_array_end = .)
                0x08006f08                        . = ALIGN (0x4)

.fini_array     0x08006f08        0x4
                0x08006f08                        . = ALIGN (0x4)
                [!provide]                        PROVIDE (__fini_array_start = .)
 *(SORT_BY_NAME(.fini_array.*))
 *(.fini_array*)
 .fini_array    0x08006f08        0x4 C:/Program Files (x86)/Arm GNU Toolchain arm-none-eabi/13.3 rel1/bin/../lib/gcc/arm-none-eabi/13.3.1/thumb/v7e-m+fp/hard/crtbegin.o
                [!provide]                        PROVIDE (__fini_array_end = .)
                0x08006f0c                        . = ALIGN (0x4)
                0x08006f0c                        _sidata = LOADADDR (.data)

.rel.dyn        0x08006f0c        0x0
 .rel.iplt      0x08006f0c        0x0 C:/Program Files (x86)/Arm GNU Toolchain arm-none-eabi/13.3 rel1/bin/../lib/gcc/arm-none-eabi/13.3.1/thumb/v7e-m+fp/hard/crtbegin.o

.data           0x20000000       0xf0 load address 0x08006f0c
                0x20000000                        . = ALIGN (0x4)
                0x20000000                        _sdata = .
 *(.data)
 *(.data*)
 .data.__sglue  0x20000000        0xc C:/Program Files (x86)/Arm GNU Toolchain arm-none-eabi/13.3 rel1/bin/../lib/gcc/arm-none-eabi/13.3.1/thumb/v7e-m+fp/hard\libc_nano.a(libc_a-findfp.o)
                0x20000000                __sglue
 .data._impure_ptr
                0x2000000c        0x4 C:/Program Files (x86)/Arm GNU Toolchain arm-none-eabi/13.3 rel1/bin/../lib/gcc/arm-none-eabi/13.3.1/thumb/v7e-m+fp/hard\libc_nano.a(libc_a-impure.o)
                0x2000000c                _impure_ptr
 .data._impure_data
                0x20000010       0x4c C:/Program Files (x86)/Arm GNU Toolchain arm-none-eabi/13.3 rel1/bin/../lib/gcc/arm-none-eabi/13.3.1/thumb/v7e-m+fp/hard\libc_nano.a(libc_a-impure.o)
                0x20000010                _impure_data
 .data.last_mode.7
                0x2000005c        0x1 CMakeFiles/FreeRTOS_LED_Effects.dir/Src/main.c.obj
 .data.knight_dir.3
                0x2000005d        0x1 CMakeFiles/FreeRTOS_LED_Effects.dir/Src/main.c.obj
 .data.ball_pos.1
                0x2000005e        0x2 CMakeFiles/FreeRTOS_LED_Effects.dir/Src/main.c.obj
 .data.SystemCoreClock
                0x20000060        0x4 CMakeFiles/FreeRTOS_LED_Effects.dir/Src/system_stm32f4xx.c.obj
                0x20000060                SystemCoreClock
 .data.uwTickPrio
                0x20000064        0x4 CMakeFiles/FreeRTOS_LED_Effects.dir/C_/wbs/STM32CubeF4/Drivers/STM32F4xx_HAL_Driver/Src/stm32f4xx_hal.c.obj
                0x20000064                uwTickPrio
 .data.uwTickFreq
                0x20000068        0x1 CMakeFiles/FreeRTOS_LED_Effects.dir/C_/wbs/STM32CubeF4/Drivers/STM32F4xx_HAL_Driver/Src/stm32f4xx_hal.c.obj
                0x20000068                uwTickFreq
 *fill*         0x20000069        0x3 
 .data.GPIO_PORT
                0x2000006c       0x10 CMakeFiles/FreeRTOS_LED_Effects.dir/C_/wbs/STM32CubeF4/Drivers/BSP/STM32F4-Discovery/stm32f4_discovery.c.obj
                0x2000006c                GPIO_PORT
 .data.BUTTON_PORT
                0x2000007c        0x4 CMakeFiles/FreeRTOS_LED_Effects.dir/C_/wbs/STM32CubeF4/Drivers/BSP/STM32F4-Discovery/stm32f4_discovery.c.obj
                0x2000007c                BUTTON_PORT
 .data.SpixTimeout
                0x20000080        0x4 CMakeFiles/FreeRTOS_LED_Effects.dir/C_/wbs/STM32CubeF4/Drivers/BSP/STM32F4-Discovery/stm32f4_discovery.c.obj
                0x20000080                SpixTimeout
 .data.Lis302dlDrv
                0x20000084       0x34 CMakeFiles/FreeRTOS_LED_Effects.dir/C_/wbs/STM32CubeF4/Drivers/BSP/Components/lis302dl/lis302dl.c.obj
                0x20000084                Lis302dlDrv
 .data.Lis3dshDrv
                0x200000b8       0x34 CMakeFiles/FreeRTOS_LED_Effects.dir/C_/wbs/STM32CubeF4/Drivers/BSP/Components/lis3dsh/lis3dsh.c.obj
                0x200000b8                Lis3dshDrv
 .data.uxCriticalNesting
                0x200000ec        0x4 CMakeFiles/FreeRTOS_LED_Effects.dir/C_/wbs/STM32CubeF4/Middlewares/Third_Party/FreeRTOS/Source/portable/GCC/ARM_CM4F/port.c.obj
 *(.RamFunc)
 *(.RamFunc*)
                0x200000f0                        . = ALIGN (0x4)
                0x200000f0                        _edata = .
                0x08006ffc                        _siccmram = LOADADDR (.ccmram)

.tm_clone_table
                0x200000f0        0x0 load address 0x08006ffc
 .tm_clone_table
                0x200000f0        0x0 C:/Program Files (x86)/Arm GNU Toolchain arm-none-eabi/13.3 rel1/bin/../lib/gcc/arm-none-eabi/13.3.1/thumb/v7e-m+fp/hard/crtbegin.o
 .tm_clone_table
                0x200000f0        0x0 C:/Program Files (x86)/Arm GNU Toolchain arm-none-eabi/13.3 rel1/bin/../lib/gcc/arm-none-eabi/13.3.1/thumb/v7e-m+fp/hard/crtend.o

.igot.plt       0x200000f0        0x0 load address 0x08006ffc
 .igot.plt      0x200000f0        0x0 C:/Program Files (x86)/Arm GNU Toolchain arm-none-eabi/13.3 rel1/bin/../lib/gcc/arm-none-eabi/13.3.1/thumb/v7e-m+fp/hard/crtbegin.o

.ccmram         0x10000000        0x0 load address 0x08006ffc
                0x10000000                        . = ALIGN (0x4)
                0x10000000                        _sccmram = .
 *(.ccmram)
 *(.ccmram*)
                0x10000000                        . = ALIGN (0x4)
                0x10000000                        _eccmram = .
                0x10000000                        . = ALIGN (0x4)

.bss            0x200000f0     0x23c8
                0x200000f0                        _sbss = .
                0x200000f0                        __bss_start__ = _sbss
 *(.bss)
 *(.bss*)
 .bss.completed.1
                0x200000f0        0x1 C:/Program Files (x86)/Arm GNU Toolchain arm-none-eabi/13.3 rel1/bin/../lib/gcc/arm-none-eabi/13.3.1/thumb/v7e-m+fp/hard/crtbegin.o
 *fill*         0x200000f1        0x3 
 .bss.object.0  0x200000f4       0x18 C:/Program Files (x86)/Arm GNU Toolchain arm-none-eabi/13.3 rel1/bin/../lib/gcc/arm-none-eabi/13.3.1/thumb/v7e-m+fp/hard/crtbegin.o
 .bss.__sf      0x2000010c      0x138 C:/Program Files (x86)/Arm GNU Toolchain arm-none-eabi/13.3 rel1/bin/../lib/gcc/arm-none-eabi/13.3.1/thumb/v7e-m+fp/hard\libc_nano.a(libc_a-findfp.o)
                0x2000010c                __sf
 .bss.__stdio_exit_handler
                0x20000244        0x4 C:/Program Files (x86)/Arm GNU Toolchain arm-none-eabi/13.3 rel1/bin/../lib/gcc/arm-none-eabi/13.3.1/thumb/v7e-m+fp/hard\libc_nano.a(libc_a-findfp.o)
                0x20000244                __stdio_exit_handler
 .bss.errno     0x20000248        0x4 C:/Program Files (x86)/Arm GNU Toolchain arm-none-eabi/13.3 rel1/bin/../lib/gcc/arm-none-eabi/13.3.1/thumb/v7e-m+fp/hard\libc_nano.a(libc_a-reent.o)
                0x20000248                errno
 .bss.__lock___malloc_recursive_mutex
                0x2000024c        0x1 C:/Program Files (x86)/Arm GNU Toolchain arm-none-eabi/13.3 rel1/bin/../lib/gcc/arm-none-eabi/13.3.1/thumb/v7e-m+fp/hard\libc_nano.a(libc_a-lock.o)
                0x2000024c                __lock___malloc_recursive_mutex
 .bss.__lock___sfp_recursive_mutex
                0x2000024d        0x1 C:/Program Files (x86)/Arm GNU Toolchain arm-none-eabi/13.3 rel1/bin/../lib/gcc/arm-none-eabi/13.3.1/thumb/v7e-m+fp/hard\libc_nano.a(libc_a-lock.o)
                0x2000024d                __lock___sfp_recursive_mutex
 *fill*         0x2000024e        0x2 
 .bss.__malloc_sbrk_start
                0x20000250        0x4 C:/Program Files (x86)/Arm GNU Toolchain arm-none-eabi/13.3 rel1/bin/../lib/gcc/arm-none-eabi/13.3.1/thumb/v7e-m+fp/hard\libc_nano.a(libc_a-mallocr.o)
                0x20000250                __malloc_sbrk_start
 .bss.__malloc_free_list
                0x20000254        0x4 C:/Program Files (x86)/Arm GNU Toolchain arm-none-eabi/13.3 rel1/bin/../lib/gcc/arm-none-eabi/13.3.1/thumb/v7e-m+fp/hard\libc_nano.a(libc_a-mallocr.o)
                0x20000254                __malloc_free_list
 .bss.heap_end.0
                0x20000258        0x4 C:/Program Files (x86)/Arm GNU Toolchain arm-none-eabi/13.3 rel1/bin/../lib/gcc/arm-none-eabi/13.3.1/thumb/v7e-m+fp/hard\libnosys.a(sbrk.o)
 .bss.button_pressed
                0x2000025c        0x1 CMakeFiles/FreeRTOS_LED_Effects.dir/Src/main.c.obj
 .bss.shake_detected
                0x2000025d        0x1 CMakeFiles/FreeRTOS_LED_Effects.dir/Src/main.c.obj
 .bss.current_mode
                0x2000025e        0x1 CMakeFiles/FreeRTOS_LED_Effects.dir/Src/main.c.obj
 *fill*         0x2000025f        0x1 
 .bss.accelero_xyz
                0x20000260        0x6 CMakeFiles/FreeRTOS_LED_Effects.dir/Src/main.c.obj
 .bss.tilt_direction
                0x20000266        0x1 CMakeFiles/FreeRTOS_LED_Effects.dir/Src/main.c.obj
 *fill*         0x20000267        0x1 
 .bss.tick_counter.6
                0x20000268        0x4 CMakeFiles/FreeRTOS_LED_Effects.dir/Src/main.c.obj
 .bss.step_counter.5
                0x2000026c        0x4 CMakeFiles/FreeRTOS_LED_Effects.dir/Src/main.c.obj
 .bss.knight_pos.4
                0x20000270        0x1 CMakeFiles/FreeRTOS_LED_Effects.dir/Src/main.c.obj
 .bss.binary_val.2
                0x20000271        0x1 CMakeFiles/FreeRTOS_LED_Effects.dir/Src/main.c.obj
 .bss.ball_vel.0
                0x20000272        0x2 CMakeFiles/FreeRTOS_LED_Effects.dir/Src/main.c.obj
 .bss.uwTick    0x20000274        0x4 CMakeFiles/FreeRTOS_LED_Effects.dir/C_/wbs/STM32CubeF4/Drivers/STM32F4xx_HAL_Driver/Src/stm32f4xx_hal.c.obj
                0x20000274                uwTick
 .bss.SpiHandle
                0x20000278       0x58 CMakeFiles/FreeRTOS_LED_Effects.dir/C_/wbs/STM32CubeF4/Drivers/BSP/STM32F4-Discovery/stm32f4_discovery.c.obj
 .bss.AcceleroDrv
                0x200002d0        0x4 CMakeFiles/FreeRTOS_LED_Effects.dir/C_/wbs/STM32CubeF4/Drivers/BSP/STM32F4-Discovery/stm32f4_discovery_accelerometer.c.obj
 .bss.xQueueRegistry
                0x200002d4       0x40 CMakeFiles/FreeRTOS_LED_Effects.dir/C_/wbs/STM32CubeF4/Middlewares/Third_Party/FreeRTOS/Source/queue.c.obj
                0x200002d4                xQueueRegistry
 .bss.pxCurrentTCB
                0x20000314        0x4 CMakeFiles/FreeRTOS_LED_Effects.dir/C_/wbs/STM32CubeF4/Middlewares/Third_Party/FreeRTOS/Source/tasks.c.obj
                0x20000314                pxCurrentTCB
 .bss.pxReadyTasksLists
                0x20000318       0xa0 CMakeFiles/FreeRTOS_LED_Effects.dir/C_/wbs/STM32CubeF4/Middlewares/Third_Party/FreeRTOS/Source/tasks.c.obj
 .bss.xDelayedTaskList1
                0x200003b8       0x14 CMakeFiles/FreeRTOS_LED_Effects.dir/C_/wbs/STM32CubeF4/Middlewares/Third_Party/FreeRTOS/Source/tasks.c.obj
 .bss.xDelayedTaskList2
                0x200003cc       0x14 CMakeFiles/FreeRTOS_LED_Effects.dir/C_/wbs/STM32CubeF4/Middlewares/Third_Party/FreeRTOS/Source/tasks.c.obj
 .bss.pxDelayedTaskList
                0x200003e0        0x4 CMakeFiles/FreeRTOS_LED_Effects.dir/C_/wbs/STM32CubeF4/Middlewares/Third_Party/FreeRTOS/Source/tasks.c.obj
 .bss.pxOverflowDelayedTaskList
                0x200003e4        0x4 CMakeFiles/FreeRTOS_LED_Effects.dir/C_/wbs/STM32CubeF4/Middlewares/Third_Party/FreeRTOS/Source/tasks.c.obj
 .bss.xPendingReadyList
                0x200003e8       0x14 CMakeFiles/FreeRTOS_LED_Effects.dir/C_/wbs/STM32CubeF4/Middlewares/Third_Party/FreeRTOS/Source/tasks.c.obj
 .bss.xTasksWaitingTermination
                0x200003fc       0x14 CMakeFiles/FreeRTOS_LED_Effects.dir/C_/wbs/STM32CubeF4/Middlewares/Third_Party/FreeRTOS/Source/tasks.c.obj
 .bss.uxDeletedTasksWaitingCleanUp
                0x20000410        0x4 CMakeFiles/FreeRTOS_LED_Effects.dir/C_/wbs/STM32CubeF4/Middlewares/Third_Party/FreeRTOS/Source/tasks.c.obj
 .bss.xSuspendedTaskList
                0x20000414       0x14 CMakeFiles/FreeRTOS_LED_Effects.dir/C_/wbs/STM32CubeF4/Middlewares/Third_Party/FreeRTOS/Source/tasks.c.obj
 .bss.uxCurrentNumberOfTasks
                0x20000428        0x4 CMakeFiles/FreeRTOS_LED_Effects.dir/C_/wbs/STM32CubeF4/Middlewares/Third_Party/FreeRTOS/Source/tasks.c.obj
 .bss.xTickCount
                0x2000042c        0x4 CMakeFiles/FreeRTOS_LED_Effects.dir/C_/wbs/STM32CubeF4/Middlewares/Third_Party/FreeRTOS/Source/tasks.c.obj
 .bss.uxTopReadyPriority
                0x20000430        0x4 CMakeFiles/FreeRTOS_LED_Effects.dir/C_/wbs/STM32CubeF4/Middlewares/Third_Party/FreeRTOS/Source/tasks.c.obj
 .bss.xSchedulerRunning
                0x20000434        0x4 CMakeFiles/FreeRTOS_LED_Effects.dir/C_/wbs/STM32CubeF4/Middlewares/Third_Party/FreeRTOS/Source/tasks.c.obj
 .bss.xPendedTicks
                0x20000438        0x4 CMakeFiles/FreeRTOS_LED_Effects.dir/C_/wbs/STM32CubeF4/Middlewares/Third_Party/FreeRTOS/Source/tasks.c.obj
 .bss.xYieldPending
                0x2000043c        0x4 CMakeFiles/FreeRTOS_LED_Effects.dir/C_/wbs/STM32CubeF4/Middlewares/Third_Party/FreeRTOS/Source/tasks.c.obj
 .bss.xNumOfOverflows
                0x20000440        0x4 CMakeFiles/FreeRTOS_LED_Effects.dir/C_/wbs/STM32CubeF4/Middlewares/Third_Party/FreeRTOS/Source/tasks.c.obj
 .bss.uxTaskNumber
                0x20000444        0x4 CMakeFiles/FreeRTOS_LED_Effects.dir/C_/wbs/STM32CubeF4/Middlewares/Third_Party/FreeRTOS/Source/tasks.c.obj
 .bss.xNextTaskUnblockTime
                0x20000448        0x4 CMakeFiles/FreeRTOS_LED_Effects.dir/C_/wbs/STM32CubeF4/Middlewares/Third_Party/FreeRTOS/Source/tasks.c.obj
 .bss.xIdleTaskHandle
                0x2000044c        0x4 CMakeFiles/FreeRTOS_LED_Effects.dir/C_/wbs/STM32CubeF4/Middlewares/Third_Party/FreeRTOS/Source/tasks.c.obj
 .bss.uxSchedulerSuspended
                0x20000450        0x4 CMakeFiles/FreeRTOS_LED_Effects.dir/C_/wbs/STM32CubeF4/Middlewares/Third_Party/FreeRTOS/Source/tasks.c.obj
 .bss.xActiveTimerList1
                0x20000454       0x14 CMakeFiles/FreeRTOS_LED_Effects.dir/C_/wbs/STM32CubeF4/Middlewares/Third_Party/FreeRTOS/Source/timers.c.obj
 .bss.xActiveTimerList2
                0x20000468       0x14 CMakeFiles/FreeRTOS_LED_Effects.dir/C_/wbs/STM32CubeF4/Middlewares/Third_Party/FreeRTOS/Source/timers.c.obj
 .bss.pxCurrentTimerList
                0x2000047c        0x4 CMakeFiles/FreeRTOS_LED_Effects.dir/C_/wbs/STM32CubeF4/Middlewares/Third_Party/FreeRTOS/Source/timers.c.obj
 .bss.pxOverflowTimerList
                0x20000480        0x4 CMakeFiles/FreeRTOS_LED_Effects.dir/C_/wbs/STM32CubeF4/Middlewares/Third_Party/FreeRTOS/Source/timers.c.obj
 .bss.xTimerQueue
                0x20000484        0x4 CMakeFiles/FreeRTOS_LED_Effects.dir/C_/wbs/STM32CubeF4/Middlewares/Third_Party/FreeRTOS/Source/timers.c.obj
 .bss.xTimerTaskHandle
                0x20000488        0x4 CMakeFiles/FreeRTOS_LED_Effects.dir/C_/wbs/STM32CubeF4/Middlewares/Third_Party/FreeRTOS/Source/timers.c.obj
 .bss.xLastTime.0
                0x2000048c        0x4 CMakeFiles/FreeRTOS_LED_Effects.dir/C_/wbs/STM32CubeF4/Middlewares/Third_Party/FreeRTOS/Source/timers.c.obj
 .bss.ucHeap    0x20000490     0x2000 CMakeFiles/FreeRTOS_LED_Effects.dir/C_/wbs/STM32CubeF4/Middlewares/Third_Party/FreeRTOS/Source/portable/MemMang/heap_4.c.obj
 .bss.xStart    0x20002490        0x8 CMakeFiles/FreeRTOS_LED_Effects.dir/C_/wbs/STM32CubeF4/Middlewares/Third_Party/FreeRTOS/Source/portable/MemMang/heap_4.c.obj
 .bss.pxEnd     0x20002498        0x4 CMakeFiles/FreeRTOS_LED_Effects.dir/C_/wbs/STM32CubeF4/Middlewares/Third_Party/FreeRTOS/Source/portable/MemMang/heap_4.c.obj
 .bss.xFreeBytesRemaining
                0x2000249c        0x4 CMakeFiles/FreeRTOS_LED_Effects.dir/C_/wbs/STM32CubeF4/Middlewares/Third_Party/FreeRTOS/Source/portable/MemMang/heap_4.c.obj
 .bss.xMinimumEverFreeBytesRemaining
                0x200024a0        0x4 CMakeFiles/FreeRTOS_LED_Effects.dir/C_/wbs/STM32CubeF4/Middlewares/Third_Party/FreeRTOS/Source/portable/MemMang/heap_4.c.obj
 .bss.xNumberOfSuccessfulAllocations
                0x200024a4        0x4 CMakeFiles/FreeRTOS_LED_Effects.dir/C_/wbs/STM32CubeF4/Middlewares/Third_Party/FreeRTOS/Source/portable/MemMang/heap_4.c.obj
 .bss.xNumberOfSuccessfulFrees
                0x200024a8        0x4 CMakeFiles/FreeRTOS_LED_Effects.dir/C_/wbs/STM32CubeF4/Middlewares/Third_Party/FreeRTOS/Source/portable/MemMang/heap_4.c.obj
 .bss.xBlockAllocatedBit
                0x200024ac        0x4 CMakeFiles/FreeRTOS_LED_Effects.dir/C_/wbs/STM32CubeF4/Middlewares/Third_Party/FreeRTOS/Source/portable/MemMang/heap_4.c.obj
 .bss.ucMaxSysCallPriority
                0x200024b0        0x1 CMakeFiles/FreeRTOS_LED_Effects.dir/C_/wbs/STM32CubeF4/Middlewares/Third_Party/FreeRTOS/Source/portable/GCC/ARM_CM4F/port.c.obj
 *fill*         0x200024b1        0x3 
 .bss.ulMaxPRIGROUPValue
                0x200024b4        0x4 CMakeFiles/FreeRTOS_LED_Effects.dir/C_/wbs/STM32CubeF4/Middlewares/Third_Party/FreeRTOS/Source/portable/GCC/ARM_CM4F/port.c.obj
 *(COMMON)
                0x200024b8                        . = ALIGN (0x4)
                0x200024b8                        _ebss = .
                0x200024b8                        __bss_end__ = _ebss

._user_heap_stack
                0x200024b8      0x600
                0x200024b8                        . = ALIGN (0x8)
                0x200024b8                        PROVIDE (end = .)
                [!provide]                        PROVIDE (_end = .)
                0x200026b8                        . = (. + _Min_Heap_Size)
 *fill*         0x200024b8      0x200 
                0x20002ab8                        . = (. + _Min_Stack_Size)
 *fill*         0x200026b8      0x400 
                0x20002ab8                        . = ALIGN (0x8)

/DISCARD/
 libc.a(*)
 libm.a(*)
 libgcc.a(*)

.ARM.attributes
                0x00000000       0x30
 *(.ARM.attributes)
 .ARM.attributes
                0x00000000       0x22 C:/Program Files (x86)/Arm GNU Toolchain arm-none-eabi/13.3 rel1/bin/../lib/gcc/arm-none-eabi/13.3.1/thumb/v7e-m+fp/hard/crti.o
 .ARM.attributes
                0x00000022       0x34 C:/Program Files (x86)/Arm GNU Toolchain arm-none-eabi/13.3 rel1/bin/../lib/gcc/arm-none-eabi/13.3.1/thumb/v7e-m+fp/hard/crtbegin.o
 .ARM.attributes
                0x00000056       0x34 C:/Program Files (x86)/Arm GNU Toolchain arm-none-eabi/13.3 rel1/bin/../lib/gcc/arm-none-eabi/13.3.1/thumb/v7e-m+fp/hard\libc_nano.a(libc_a-findfp.o)
 .ARM.attributes
                0x0000008a       0x34 C:/Program Files (x86)/Arm GNU Toolchain arm-none-eabi/13.3 rel1/bin/../lib/gcc/arm-none-eabi/13.3.1/thumb/v7e-m+fp/hard\libc_nano.a(libc_a-fwalk.o)
 .ARM.attributes
                0x000000be       0x34 C:/Program Files (x86)/Arm GNU Toolchain arm-none-eabi/13.3 rel1/bin/../lib/gcc/arm-none-eabi/13.3.1/thumb/v7e-m+fp/hard\libc_nano.a(libc_a-stdio.o)
 .ARM.attributes
                0x000000f2       0x34 C:/Program Files (x86)/Arm GNU Toolchain arm-none-eabi/13.3 rel1/bin/../lib/gcc/arm-none-eabi/13.3.1/thumb/v7e-m+fp/hard\libc_nano.a(libc_a-memset.o)
 .ARM.attributes
                0x00000126       0x34 C:/Program Files (x86)/Arm GNU Toolchain arm-none-eabi/13.3 rel1/bin/../lib/gcc/arm-none-eabi/13.3.1/thumb/v7e-m+fp/hard\libc_nano.a(libc_a-closer.o)
 .ARM.attributes
                0x0000015a       0x34 C:/Program Files (x86)/Arm GNU Toolchain arm-none-eabi/13.3 rel1/bin/../lib/gcc/arm-none-eabi/13.3.1/thumb/v7e-m+fp/hard\libc_nano.a(libc_a-reent.o)
 .ARM.attributes
                0x0000018e       0x34 C:/Program Files (x86)/Arm GNU Toolchain arm-none-eabi/13.3 rel1/bin/../lib/gcc/arm-none-eabi/13.3.1/thumb/v7e-m+fp/hard\libc_nano.a(libc_a-impure.o)
 .ARM.attributes
                0x000001c2       0x34 C:/Program Files (x86)/Arm GNU Toolchain arm-none-eabi/13.3 rel1/bin/../lib/gcc/arm-none-eabi/13.3.1/thumb/v7e-m+fp/hard\libc_nano.a(libc_a-lseekr.o)
 .ARM.attributes
                0x000001f6       0x34 C:/Program Files (x86)/Arm GNU Toolchain arm-none-eabi/13.3 rel1/bin/../lib/gcc/arm-none-eabi/13.3.1/thumb/v7e-m+fp/hard\libc_nano.a(libc_a-readr.o)
 .ARM.attributes
                0x0000022a       0x34 C:/Program Files (x86)/Arm GNU Toolchain arm-none-eabi/13.3 rel1/bin/../lib/gcc/arm-none-eabi/13.3.1/thumb/v7e-m+fp/hard\libc_nano.a(libc_a-writer.o)
 .ARM.attributes
                0x0000025e       0x34 C:/Program Files (x86)/Arm GNU Toolchain arm-none-eabi/13.3 rel1/bin/../lib/gcc/arm-none-eabi/13.3.1/thumb/v7e-m+fp/hard\libc_nano.a(libc_a-init.o)
 .ARM.attributes
                0x00000292       0x34 C:/Program Files (x86)/Arm GNU Toolchain arm-none-eabi/13.3 rel1/bin/../lib/gcc/arm-none-eabi/13.3.1/thumb/v7e-m+fp/hard\libc_nano.a(libc_a-lock.o)
 .ARM.attributes
                0x000002c6       0x34 C:/Program Files (x86)/Arm GNU Toolchain arm-none-eabi/13.3 rel1/bin/../lib/gcc/arm-none-eabi/13.3.1/thumb/v7e-m+fp/hard\libc_nano.a(libc_a-freer.o)
 .ARM.attributes
                0x000002fa       0x34 C:/Program Files (x86)/Arm GNU Toolchain arm-none-eabi/13.3 rel1/bin/../lib/gcc/arm-none-eabi/13.3.1/thumb/v7e-m+fp/hard\libc_nano.a(libc_a-mallocr.o)
 .ARM.attributes
                0x0000032e       0x34 C:/Program Files (x86)/Arm GNU Toolchain arm-none-eabi/13.3 rel1/bin/../lib/gcc/arm-none-eabi/13.3.1/thumb/v7e-m+fp/hard\libc_nano.a(libc_a-mlock.o)
 .ARM.attributes
                0x00000362       0x34 C:/Program Files (x86)/Arm GNU Toolchain arm-none-eabi/13.3 rel1/bin/../lib/gcc/arm-none-eabi/13.3.1/thumb/v7e-m+fp/hard\libc_nano.a(libc_a-fflush.o)
 .ARM.attributes
                0x00000396       0x34 C:/Program Files (x86)/Arm GNU Toolchain arm-none-eabi/13.3 rel1/bin/../lib/gcc/arm-none-eabi/13.3.1/thumb/v7e-m+fp/hard\libc_nano.a(libc_a-sbrkr.o)
 .ARM.attributes
                0x000003ca       0x34 C:/Program Files (x86)/Arm GNU Toolchain arm-none-eabi/13.3 rel1/bin/../lib/gcc/arm-none-eabi/13.3.1/thumb/v7e-m+fp/hard\libnosys.a(close.o)
 .ARM.attributes
                0x000003fe       0x34 C:/Program Files (x86)/Arm GNU Toolchain arm-none-eabi/13.3 rel1/bin/../lib/gcc/arm-none-eabi/13.3.1/thumb/v7e-m+fp/hard\libnosys.a(lseek.o)
 .ARM.attributes
                0x00000432       0x34 C:/Program Files (x86)/Arm GNU Toolchain arm-none-eabi/13.3 rel1/bin/../lib/gcc/arm-none-eabi/13.3.1/thumb/v7e-m+fp/hard\libnosys.a(read.o)
 .ARM.attributes
                0x00000466       0x34 C:/Program Files (x86)/Arm GNU Toolchain arm-none-eabi/13.3 rel1/bin/../lib/gcc/arm-none-eabi/13.3.1/thumb/v7e-m+fp/hard\libnosys.a(sbrk.o)
 .ARM.attributes
                0x0000049a       0x34 C:/Program Files (x86)/Arm GNU Toolchain arm-none-eabi/13.3 rel1/bin/../lib/gcc/arm-none-eabi/13.3.1/thumb/v7e-m+fp/hard\libnosys.a(write.o)
 .ARM.attributes
                0x000004ce       0x34 C:/Program Files (x86)/Arm GNU Toolchain arm-none-eabi/13.3 rel1/bin/../lib/gcc/arm-none-eabi/13.3.1/thumb/v7e-m+fp/hard\libnosys.a(_exit.o)
 .ARM.attributes
                0x00000502       0x34 CMakeFiles/FreeRTOS_LED_Effects.dir/Src/main.c.obj
 .ARM.attributes
                0x00000536       0x34 CMakeFiles/FreeRTOS_LED_Effects.dir/Src/stm32f4xx_it.c.obj
 .ARM.attributes
                0x0000056a       0x34 CMakeFiles/FreeRTOS_LED_Effects.dir/Src/system_stm32f4xx.c.obj
 .ARM.attributes
                0x0000059e       0x34 CMakeFiles/FreeRTOS_LED_Effects.dir/C_/wbs/STM32CubeF4/Drivers/STM32F4xx_HAL_Driver/Src/stm32f4xx_hal.c.obj
 .ARM.attributes
                0x000005d2       0x34 CMakeFiles/FreeRTOS_LED_Effects.dir/C_/wbs/STM32CubeF4/Drivers/STM32F4xx_HAL_Driver/Src/stm32f4xx_hal_cortex.c.obj
 .ARM.attributes
                0x00000606       0x34 CMakeFiles/FreeRTOS_LED_Effects.dir/C_/wbs/STM32CubeF4/Drivers/STM32F4xx_HAL_Driver/Src/stm32f4xx_hal_gpio.c.obj
 .ARM.attributes
                0x0000063a       0x34 CMakeFiles/FreeRTOS_LED_Effects.dir/C_/wbs/STM32CubeF4/Drivers/STM32F4xx_HAL_Driver/Src/stm32f4xx_hal_rcc.c.obj
 .ARM.attributes
                0x0000066e       0x34 CMakeFiles/FreeRTOS_LED_Effects.dir/C_/wbs/STM32CubeF4/Drivers/STM32F4xx_HAL_Driver/Src/stm32f4xx_hal_spi.c.obj
 .ARM.attributes
                0x000006a2       0x34 CMakeFiles/FreeRTOS_LED_Effects.dir/C_/wbs/STM32CubeF4/Drivers/BSP/STM32F4-Discovery/stm32f4_discovery.c.obj
 .ARM.attributes
                0x000006d6       0x34 CMakeFiles/FreeRTOS_LED_Effects.dir/C_/wbs/STM32CubeF4/Drivers/BSP/STM32F4-Discovery/stm32f4_discovery_accelerometer.c.obj
 .ARM.attributes
                0x0000070a       0x34 CMakeFiles/FreeRTOS_LED_Effects.dir/C_/wbs/STM32CubeF4/Drivers/BSP/Components/lis302dl/lis302dl.c.obj
 .ARM.attributes
                0x0000073e       0x34 CMakeFiles/FreeRTOS_LED_Effects.dir/C_/wbs/STM32CubeF4/Drivers/BSP/Components/lis3dsh/lis3dsh.c.obj
 .ARM.attributes
                0x00000772       0x34 CMakeFiles/FreeRTOS_LED_Effects.dir/C_/wbs/STM32CubeF4/Middlewares/Third_Party/FreeRTOS/Source/list.c.obj
 .ARM.attributes
                0x000007a6       0x34 CMakeFiles/FreeRTOS_LED_Effects.dir/C_/wbs/STM32CubeF4/Middlewares/Third_Party/FreeRTOS/Source/queue.c.obj
 .ARM.attributes
                0x000007da       0x34 CMakeFiles/FreeRTOS_LED_Effects.dir/C_/wbs/STM32CubeF4/Middlewares/Third_Party/FreeRTOS/Source/tasks.c.obj
 .ARM.attributes
                0x0000080e       0x34 CMakeFiles/FreeRTOS_LED_Effects.dir/C_/wbs/STM32CubeF4/Middlewares/Third_Party/FreeRTOS/Source/timers.c.obj
 .ARM.attributes
                0x00000842       0x34 CMakeFiles/FreeRTOS_LED_Effects.dir/C_/wbs/STM32CubeF4/Middlewares/Third_Party/FreeRTOS/Source/CMSIS_RTOS/cmsis_os.c.obj
 .ARM.attributes
                0x00000876       0x34 CMakeFiles/FreeRTOS_LED_Effects.dir/C_/wbs/STM32CubeF4/Middlewares/Third_Party/FreeRTOS/Source/portable/MemMang/heap_4.c.obj
 .ARM.attributes
                0x000008aa       0x34 CMakeFiles/FreeRTOS_LED_Effects.dir/C_/wbs/STM32CubeF4/Middlewares/Third_Party/FreeRTOS/Source/portable/GCC/ARM_CM4F/port.c.obj
 .ARM.attributes
                0x000008de       0x21 CMakeFiles/FreeRTOS_LED_Effects.dir/STM32CubeIDE/Application/Startup/startup_stm32f407vgtx.s.obj
 .ARM.attributes
                0x000008ff       0x22 C:/Program Files (x86)/Arm GNU Toolchain arm-none-eabi/13.3 rel1/bin/../lib/gcc/arm-none-eabi/13.3.1/thumb/v7e-m+fp/hard\libgcc.a(_aeabi_uldivmod.o)
 .ARM.attributes
                0x00000921       0x34 C:/Program Files (x86)/Arm GNU Toolchain arm-none-eabi/13.3 rel1/bin/../lib/gcc/arm-none-eabi/13.3.1/thumb/v7e-m+fp/hard\libgcc.a(_udivmoddi4.o)
 .ARM.attributes
                0x00000955       0x22 C:/Program Files (x86)/Arm GNU Toolchain arm-none-eabi/13.3 rel1/bin/../lib/gcc/arm-none-eabi/13.3.1/thumb/v7e-m+fp/hard\libgcc.a(_dvmd_tls.o)
 .ARM.attributes
                0x00000977       0x34 C:/Program Files (x86)/Arm GNU Toolchain arm-none-eabi/13.3 rel1/bin/../lib/gcc/arm-none-eabi/13.3.1/thumb/v7e-m+fp/hard\libc_nano.a(libc_a-rand.o)
 .ARM.attributes
                0x000009ab       0x34 C:/Program Files (x86)/Arm GNU Toolchain arm-none-eabi/13.3 rel1/bin/../lib/gcc/arm-none-eabi/13.3.1/thumb/v7e-m+fp/hard\libc_nano.a(libc_a-memcpy-stub.o)
 .ARM.attributes
                0x000009df       0x34 C:/Program Files (x86)/Arm GNU Toolchain arm-none-eabi/13.3 rel1/bin/../lib/gcc/arm-none-eabi/13.3.1/thumb/v7e-m+fp/hard\libc_nano.a(libc_a-assert.o)
 .ARM.attributes
                0x00000a13       0x34 C:/Program Files (x86)/Arm GNU Toolchain arm-none-eabi/13.3 rel1/bin/../lib/gcc/arm-none-eabi/13.3.1/thumb/v7e-m+fp/hard\libc_nano.a(libc_a-malloc.o)
 .ARM.attributes
                0x00000a47       0x34 C:/Program Files (x86)/Arm GNU Toolchain arm-none-eabi/13.3 rel1/bin/../lib/gcc/arm-none-eabi/13.3.1/thumb/v7e-m+fp/hard\libc_nano.a(libc_a-fprintf.o)
 .ARM.attributes
                0x00000a7b       0x34 C:/Program Files (x86)/Arm GNU Toolchain arm-none-eabi/13.3 rel1/bin/../lib/gcc/arm-none-eabi/13.3.1/thumb/v7e-m+fp/hard\libc_nano.a(libc_a-abort.o)
 .ARM.attributes
                0x00000aaf       0x34 C:/Program Files (x86)/Arm GNU Toolchain arm-none-eabi/13.3 rel1/bin/../lib/gcc/arm-none-eabi/13.3.1/thumb/v7e-m+fp/hard\libc_nano.a(libc_a-nano-vfprintf.o)
 .ARM.attributes
                0x00000ae3       0x34 C:/Program Files (x86)/Arm GNU Toolchain arm-none-eabi/13.3 rel1/bin/../lib/gcc/arm-none-eabi/13.3.1/thumb/v7e-m+fp/hard\libc_nano.a(libc_a-nano-vfprintf_i.o)
 .ARM.attributes